ARM Linker, 4.1 [Build 567] [Evaluation]

==============================================================================

Section Cross References

    startup_stm32f10x_hd.o(RESET) refers to startup_stm32f10x_hd.o(STACK) for __initial_sp
    startup_stm32f10x_hd.o(RESET) refers to startup_stm32f10x_hd.o(.text) for Reset_Handler
    startup_stm32f10x_hd.o(RESET) refers to stm32f10x_it.o(.text) for NMI_Handler
    startup_stm32f10x_hd.o(.text) refers to entry.o(.ARM.Collect$$$$00000000) for __main
    stm32f10x_gpio.o(.text) refers to stm32f10x_rcc.o(.text) for RCC_APB2PeriphResetCmd
    stm32f10x_rcc.o(.text) refers to stm32f10x_rcc.o(.data) for APBAHBPrescTable
    rcc_configuration.o(.text) refers to stm32f10x_rcc.o(.text) for RCC_DeInit
    rcc_configuration.o(.text) refers to stm32f10x_flash.o(.text) for FLASH_PrefetchBufferCmd
    delay.o(.text) refers to nvic_misc.o(.text) for SysTick_CLKSourceConfig
    delay.o(.text) refers to delay.o(.data) for fac_us
    stm32f10x_usart.o(.text) refers to stm32f10x_rcc.o(.text) for RCC_APB2PeriphResetCmd
    com_usart1.o(.text) refers to stm32f10x_usart.o(.text) for USART_SendData
    com_usart1.o(.text) refers to stm32f10x_rcc.o(.text) for RCC_APB2PeriphClockCmd
    com_usart1.o(.text) refers to stm32f10x_gpio.o(.text) for GPIO_Init
    com_usart1.o(.text) refers to nvic_misc.o(.text) for NVIC_Init
    usart.o(.text) refers to stm32f10x_rcc.o(.text) for RCC_APB1PeriphClockCmd
    usart.o(.text) refers to stm32f10x_usart.o(.text) for USART_DeInit
    usart.o(.text) refers to stm32f10x_gpio.o(.text) for GPIO_Init
    usart.o(.text) refers to nvic_misc.o(.text) for NVIC_Init
    stm32f10x_adc.o(.text) refers to stm32f10x_rcc.o(.text) for RCC_APB2PeriphResetCmd
    adc_init.o(.text) refers to stm32f10x_rcc.o(.text) for RCC_APB2PeriphClockCmd
    adc_init.o(.text) refers to stm32f10x_gpio.o(.text) for GPIO_Init
    adc_init.o(.text) refers to stm32f10x_dma.o(.text) for DMA_DeInit
    adc_init.o(.text) refers to stm32f10x_adc.o(.text) for ADC_Init
    adc_init.o(.text) refers to adc_init.o(.data) for ADCConvertedValueLocal
    led.o(.text) refers to stm32f10x_rcc.o(.text) for RCC_APB2PeriphClockCmd
    led.o(.text) refers to stm32f10x_gpio.o(.text) for GPIO_Init
    main.o(.text) refers to rcc_configuration.o(.text) for RCC_Configuration
    main.o(.text) refers to delay.o(.text) for delay_init
    main.o(.text) refers to led.o(.text) for LED_config
    main.o(.text) refers to com_usart1.o(.text) for ComUsart_init
    main.o(.text) refers to usart.o(.text) for uart2_init
    main.o(.text) refers to adc_init.o(.text) for ADC_Configuration
    main.o(.text) refers to printf5.o(i.__0printf$5) for __2printf
    main.o(.text) refers to main.o(.constdata) for .constdata
    main.o(.text) refers to adc_init.o(.data) for ADCConvertedValueLocal
    entry.o(.ARM.Collect$$$$00000000) refers (Special) to entry7.o(.ARM.Collect$$$$00000007) for _main_init
    entry.o(.ARM.Collect$$$$00000000) refers (Special) to entry5.o(.ARM.Collect$$$$00000004) for _main_scatterload
    entry.o(.ARM.Collect$$$$00000000) refers (Special) to entry2.o(.ARM.Collect$$$$00000001) for _main_stk
    printfb.o(i.__0fprintf$bare) refers to printfb.o(i._printf_core) for _printf_core
    printfb.o(i.__0fprintf$bare) refers to com_usart1.o(.text) for fputc
    printfb.o(i.__0printf$bare) refers to printfb.o(i._printf_core) for _printf_core
    printfb.o(i.__0printf$bare) refers to com_usart1.o(.text) for fputc
    printfb.o(i.__0printf$bare) refers to stdout.o(.data) for __stdout
    printfb.o(i.__0snprintf$bare) refers to printfb.o(i._printf_core) for _printf_core
    printfb.o(i.__0snprintf$bare) refers to printfb.o(i._snputc) for _snputc
    printfb.o(i.__0sprintf$bare) refers to printfb.o(i._printf_core) for _printf_core
    printfb.o(i.__0sprintf$bare) refers to printfb.o(i._sputc) for _sputc
    printfb.o(i.__0vfprintf$bare) refers to printfb.o(i._printf_core) for _printf_core
    printfb.o(i.__0vfprintf$bare) refers to com_usart1.o(.text) for fputc
    printfb.o(i.__0vprintf$bare) refers to printfb.o(i._printf_core) for _printf_core
    printfb.o(i.__0vprintf$bare) refers to com_usart1.o(.text) for fputc
    printfb.o(i.__0vprintf$bare) refers to stdout.o(.data) for __stdout
    printfb.o(i.__0vsnprintf$bare) refers to printfb.o(i._printf_core) for _printf_core
    printfb.o(i.__0vsnprintf$bare) refers to printfb.o(i._snputc) for _snputc
    printfb.o(i.__0vsprintf$bare) refers to printfb.o(i._printf_core) for _printf_core
    printfb.o(i.__0vsprintf$bare) refers to printfb.o(i._sputc) for _sputc
    printf0.o(i.__0fprintf$0) refers to printf0.o(i._printf_core) for _printf_core
    printf0.o(i.__0fprintf$0) refers to com_usart1.o(.text) for fputc
    printf0.o(i.__0printf$0) refers to printf0.o(i._printf_core) for _printf_core
    printf0.o(i.__0printf$0) refers to com_usart1.o(.text) for fputc
    printf0.o(i.__0printf$0) refers to stdout.o(.data) for __stdout
    printf0.o(i.__0snprintf$0) refers to printf0.o(i._printf_core) for _printf_core
    printf0.o(i.__0snprintf$0) refers to printf0.o(i._snputc) for _snputc
    printf0.o(i.__0sprintf$0) refers to printf0.o(i._printf_core) for _printf_core
    printf0.o(i.__0sprintf$0) refers to printf0.o(i._sputc) for _sputc
    printf0.o(i.__0vfprintf$0) refers to printf0.o(i._printf_core) for _printf_core
    printf0.o(i.__0vfprintf$0) refers to com_usart1.o(.text) for fputc
    printf0.o(i.__0vprintf$0) refers to printf0.o(i._printf_core) for _printf_core
    printf0.o(i.__0vprintf$0) refers to com_usart1.o(.text) for fputc
    printf0.o(i.__0vprintf$0) refers to stdout.o(.data) for __stdout
    printf0.o(i.__0vsnprintf$0) refers to printf0.o(i._printf_core) for _printf_core
    printf0.o(i.__0vsnprintf$0) refers to printf0.o(i._snputc) for _snputc
    printf0.o(i.__0vsprintf$0) refers to printf0.o(i._printf_core) for _printf_core
    printf0.o(i.__0vsprintf$0) refers to printf0.o(i._sputc) for _sputc
    printf1.o(i.__0fprintf$1) refers to printf1.o(i._printf_core) for _printf_core
    printf1.o(i.__0fprintf$1) refers to com_usart1.o(.text) for fputc
    printf1.o(i.__0printf$1) refers to printf1.o(i._printf_core) for _printf_core
    printf1.o(i.__0printf$1) refers to com_usart1.o(.text) for fputc
    printf1.o(i.__0printf$1) refers to stdout.o(.data) for __stdout
    printf1.o(i.__0snprintf$1) refers to printf1.o(i._printf_core) for _printf_core
    printf1.o(i.__0snprintf$1) refers to printf1.o(i._snputc) for _snputc
    printf1.o(i.__0sprintf$1) refers to printf1.o(i._printf_core) for _printf_core
    printf1.o(i.__0sprintf$1) refers to printf1.o(i._sputc) for _sputc
    printf1.o(i.__0vfprintf$1) refers to printf1.o(i._printf_core) for _printf_core
    printf1.o(i.__0vfprintf$1) refers to com_usart1.o(.text) for fputc
    printf1.o(i.__0vprintf$1) refers to printf1.o(i._printf_core) for _printf_core
    printf1.o(i.__0vprintf$1) refers to com_usart1.o(.text) for fputc
    printf1.o(i.__0vprintf$1) refers to stdout.o(.data) for __stdout
    printf1.o(i.__0vsnprintf$1) refers to printf1.o(i._printf_core) for _printf_core
    printf1.o(i.__0vsnprintf$1) refers to printf1.o(i._snputc) for _snputc
    printf1.o(i.__0vsprintf$1) refers to printf1.o(i._printf_core) for _printf_core
    printf1.o(i.__0vsprintf$1) refers to printf1.o(i._sputc) for _sputc
    printf1.o(i._printf_core) refers to uidiv.o(.text) for __aeabi_uidivmod
    printf2.o(i.__0fprintf$2) refers to printf2.o(i._printf_core) for _printf_core
    printf2.o(i.__0fprintf$2) refers to com_usart1.o(.text) for fputc
    printf2.o(i.__0printf$2) refers to printf2.o(i._printf_core) for _printf_core
    printf2.o(i.__0printf$2) refers to com_usart1.o(.text) for fputc
    printf2.o(i.__0printf$2) refers to stdout.o(.data) for __stdout
    printf2.o(i.__0snprintf$2) refers to printf2.o(i._printf_core) for _printf_core
    printf2.o(i.__0snprintf$2) refers to printf2.o(i._snputc) for _snputc
    printf2.o(i.__0sprintf$2) refers to printf2.o(i._printf_core) for _printf_core
    printf2.o(i.__0sprintf$2) refers to printf2.o(i._sputc) for _sputc
    printf2.o(i.__0vfprintf$2) refers to printf2.o(i._printf_core) for _printf_core
    printf2.o(i.__0vfprintf$2) refers to com_usart1.o(.text) for fputc
    printf2.o(i.__0vprintf$2) refers to printf2.o(i._printf_core) for _printf_core
    printf2.o(i.__0vprintf$2) refers to com_usart1.o(.text) for fputc
    printf2.o(i.__0vprintf$2) refers to stdout.o(.data) for __stdout
    printf2.o(i.__0vsnprintf$2) refers to printf2.o(i._printf_core) for _printf_core
    printf2.o(i.__0vsnprintf$2) refers to printf2.o(i._snputc) for _snputc
    printf2.o(i.__0vsprintf$2) refers to printf2.o(i._printf_core) for _printf_core
    printf2.o(i.__0vsprintf$2) refers to printf2.o(i._sputc) for _sputc
    printf3.o(i.__0fprintf$3) refers to printf3.o(i._printf_core) for _printf_core
    printf3.o(i.__0fprintf$3) refers to com_usart1.o(.text) for fputc
    printf3.o(i.__0printf$3) refers to printf3.o(i._printf_core) for _printf_core
    printf3.o(i.__0printf$3) refers to com_usart1.o(.text) for fputc
    printf3.o(i.__0printf$3) refers to stdout.o(.data) for __stdout
    printf3.o(i.__0snprintf$3) refers to printf3.o(i._printf_core) for _printf_core
    printf3.o(i.__0snprintf$3) refers to printf3.o(i._snputc) for _snputc
    printf3.o(i.__0sprintf$3) refers to printf3.o(i._printf_core) for _printf_core
    printf3.o(i.__0sprintf$3) refers to printf3.o(i._sputc) for _sputc
    printf3.o(i.__0vfprintf$3) refers to printf3.o(i._printf_core) for _printf_core
    printf3.o(i.__0vfprintf$3) refers to com_usart1.o(.text) for fputc
    printf3.o(i.__0vprintf$3) refers to printf3.o(i._printf_core) for _printf_core
    printf3.o(i.__0vprintf$3) refers to com_usart1.o(.text) for fputc
    printf3.o(i.__0vprintf$3) refers to stdout.o(.data) for __stdout
    printf3.o(i.__0vsnprintf$3) refers to printf3.o(i._printf_core) for _printf_core
    printf3.o(i.__0vsnprintf$3) refers to printf3.o(i._snputc) for _snputc
    printf3.o(i.__0vsprintf$3) refers to printf3.o(i._printf_core) for _printf_core
    printf3.o(i.__0vsprintf$3) refers to printf3.o(i._sputc) for _sputc
    printf3.o(i._printf_core) refers to uidiv.o(.text) for __aeabi_uidivmod
    printf4.o(i.__0fprintf$4) refers to printf4.o(i._printf_core) for _printf_core
    printf4.o(i.__0fprintf$4) refers to com_usart1.o(.text) for fputc
    printf4.o(i.__0printf$4) refers to printf4.o(i._printf_core) for _printf_core
    printf4.o(i.__0printf$4) refers to com_usart1.o(.text) for fputc
    printf4.o(i.__0printf$4) refers to stdout.o(.data) for __stdout
    printf4.o(i.__0snprintf$4) refers to printf4.o(i._printf_core) for _printf_core
    printf4.o(i.__0snprintf$4) refers to printf4.o(i._snputc) for _snputc
    printf4.o(i.__0sprintf$4) refers to printf4.o(i._printf_core) for _printf_core
    printf4.o(i.__0sprintf$4) refers to printf4.o(i._sputc) for _sputc
    printf4.o(i.__0vfprintf$4) refers to printf4.o(i._printf_core) for _printf_core
    printf4.o(i.__0vfprintf$4) refers to com_usart1.o(.text) for fputc
    printf4.o(i.__0vprintf$4) refers to printf4.o(i._printf_core) for _printf_core
    printf4.o(i.__0vprintf$4) refers to com_usart1.o(.text) for fputc
    printf4.o(i.__0vprintf$4) refers to stdout.o(.data) for __stdout
    printf4.o(i.__0vsnprintf$4) refers to printf4.o(i._printf_core) for _printf_core
    printf4.o(i.__0vsnprintf$4) refers to printf4.o(i._snputc) for _snputc
    printf4.o(i.__0vsprintf$4) refers to printf4.o(i._printf_core) for _printf_core
    printf4.o(i.__0vsprintf$4) refers to printf4.o(i._sputc) for _sputc
    printf4.o(i._printf_core) refers to uldiv.o(.text) for __aeabi_uldivmod
    printf5.o(i.__0fprintf$5) refers to printf5.o(i._printf_core) for _printf_core
    printf5.o(i.__0fprintf$5) refers to com_usart1.o(.text) for fputc
    printf5.o(i.__0printf$5) refers to printf5.o(i._printf_core) for _printf_core
    printf5.o(i.__0printf$5) refers to com_usart1.o(.text) for fputc
    printf5.o(i.__0printf$5) refers to stdout.o(.data) for __stdout
    printf5.o(i.__0snprintf$5) refers to printf5.o(i._printf_core) for _printf_core
    printf5.o(i.__0snprintf$5) refers to printf5.o(i._snputc) for _snputc
    printf5.o(i.__0sprintf$5) refers to printf5.o(i._printf_core) for _printf_core
    printf5.o(i.__0sprintf$5) refers to printf5.o(i._sputc) for _sputc
    printf5.o(i.__0vfprintf$5) refers to printf5.o(i._printf_core) for _printf_core
    printf5.o(i.__0vfprintf$5) refers to com_usart1.o(.text) for fputc
    printf5.o(i.__0vprintf$5) refers to printf5.o(i._printf_core) for _printf_core
    printf5.o(i.__0vprintf$5) refers to com_usart1.o(.text) for fputc
    printf5.o(i.__0vprintf$5) refers to stdout.o(.data) for __stdout
    printf5.o(i.__0vsnprintf$5) refers to printf5.o(i._printf_core) for _printf_core
    printf5.o(i.__0vsnprintf$5) refers to printf5.o(i._snputc) for _snputc
    printf5.o(i.__0vsprintf$5) refers to printf5.o(i._printf_core) for _printf_core
    printf5.o(i.__0vsprintf$5) refers to printf5.o(i._sputc) for _sputc
    printf5.o(i._printf_core) refers to uldiv.o(.text) for __aeabi_uldivmod
    printf6.o(i.__0fprintf$6) refers to printf6.o(i._printf_core) for _printf_core
    printf6.o(i.__0fprintf$6) refers to com_usart1.o(.text) for fputc
    printf6.o(i.__0printf$6) refers to printf6.o(i._printf_core) for _printf_core
    printf6.o(i.__0printf$6) refers to com_usart1.o(.text) for fputc
    printf6.o(i.__0printf$6) refers to stdout.o(.data) for __stdout
    printf6.o(i.__0snprintf$6) refers to printf6.o(i._printf_core) for _printf_core
    printf6.o(i.__0snprintf$6) refers to printf6.o(i._snputc) for _snputc
    printf6.o(i.__0sprintf$6) refers to printf6.o(i._printf_core) for _printf_core
    printf6.o(i.__0sprintf$6) refers to printf6.o(i._sputc) for _sputc
    printf6.o(i.__0vfprintf$6) refers to printf6.o(i._printf_core) for _printf_core
    printf6.o(i.__0vfprintf$6) refers to com_usart1.o(.text) for fputc
    printf6.o(i.__0vprintf$6) refers to printf6.o(i._printf_core) for _printf_core
    printf6.o(i.__0vprintf$6) refers to com_usart1.o(.text) for fputc
    printf6.o(i.__0vprintf$6) refers to stdout.o(.data) for __stdout
    printf6.o(i.__0vsnprintf$6) refers to printf6.o(i._printf_core) for _printf_core
    printf6.o(i.__0vsnprintf$6) refers to printf6.o(i._snputc) for _snputc
    printf6.o(i.__0vsprintf$6) refers to printf6.o(i._printf_core) for _printf_core
    printf6.o(i.__0vsprintf$6) refers to printf6.o(i._sputc) for _sputc
    printf6.o(i._printf_core) refers to printf6.o(i._printf_pre_padding) for _printf_pre_padding
    printf6.o(i._printf_core) refers to uidiv.o(.text) for __aeabi_uidivmod
    printf6.o(i._printf_core) refers to printf6.o(i._printf_post_padding) for _printf_post_padding
    printf7.o(i.__0fprintf$7) refers to printf7.o(i._printf_core) for _printf_core
    printf7.o(i.__0fprintf$7) refers to com_usart1.o(.text) for fputc
    printf7.o(i.__0printf$7) refers to printf7.o(i._printf_core) for _printf_core
    printf7.o(i.__0printf$7) refers to com_usart1.o(.text) for fputc
    printf7.o(i.__0printf$7) refers to stdout.o(.data) for __stdout
    printf7.o(i.__0snprintf$7) refers to printf7.o(i._printf_core) for _printf_core
    printf7.o(i.__0snprintf$7) refers to printf7.o(i._snputc) for _snputc
    printf7.o(i.__0sprintf$7) refers to printf7.o(i._printf_core) for _printf_core
    printf7.o(i.__0sprintf$7) refers to printf7.o(i._sputc) for _sputc
    printf7.o(i.__0vfprintf$7) refers to printf7.o(i._printf_core) for _printf_core
    printf7.o(i.__0vfprintf$7) refers to com_usart1.o(.text) for fputc
    printf7.o(i.__0vprintf$7) refers to printf7.o(i._printf_core) for _printf_core
    printf7.o(i.__0vprintf$7) refers to com_usart1.o(.text) for fputc
    printf7.o(i.__0vprintf$7) refers to stdout.o(.data) for __stdout
    printf7.o(i.__0vsnprintf$7) refers to printf7.o(i._printf_core) for _printf_core
    printf7.o(i.__0vsnprintf$7) refers to printf7.o(i._snputc) for _snputc
    printf7.o(i.__0vsprintf$7) refers to printf7.o(i._printf_core) for _printf_core
    printf7.o(i.__0vsprintf$7) refers to printf7.o(i._sputc) for _sputc
    printf7.o(i._printf_core) refers to printf7.o(i._printf_pre_padding) for _printf_pre_padding
    printf7.o(i._printf_core) refers to uldiv.o(.text) for __aeabi_uldivmod
    printf7.o(i._printf_core) refers to printf7.o(i._printf_post_padding) for _printf_post_padding
    printf8.o(i.__0fprintf$8) refers to printf8.o(i._printf_core) for _printf_core
    printf8.o(i.__0fprintf$8) refers to com_usart1.o(.text) for fputc
    printf8.o(i.__0printf$8) refers to printf8.o(i._printf_core) for _printf_core
    printf8.o(i.__0printf$8) refers to com_usart1.o(.text) for fputc
    printf8.o(i.__0printf$8) refers to stdout.o(.data) for __stdout
    printf8.o(i.__0snprintf$8) refers to printf8.o(i._printf_core) for _printf_core
    printf8.o(i.__0snprintf$8) refers to printf8.o(i._snputc) for _snputc
    printf8.o(i.__0sprintf$8) refers to printf8.o(i._printf_core) for _printf_core
    printf8.o(i.__0sprintf$8) refers to printf8.o(i._sputc) for _sputc
    printf8.o(i.__0vfprintf$8) refers to printf8.o(i._printf_core) for _printf_core
    printf8.o(i.__0vfprintf$8) refers to com_usart1.o(.text) for fputc
    printf8.o(i.__0vprintf$8) refers to printf8.o(i._printf_core) for _printf_core
    printf8.o(i.__0vprintf$8) refers to com_usart1.o(.text) for fputc
    printf8.o(i.__0vprintf$8) refers to stdout.o(.data) for __stdout
    printf8.o(i.__0vsnprintf$8) refers to printf8.o(i._printf_core) for _printf_core
    printf8.o(i.__0vsnprintf$8) refers to printf8.o(i._snputc) for _snputc
    printf8.o(i.__0vsprintf$8) refers to printf8.o(i._printf_core) for _printf_core
    printf8.o(i.__0vsprintf$8) refers to printf8.o(i._sputc) for _sputc
    printf8.o(i._printf_core) refers to printf8.o(i._printf_pre_padding) for _printf_pre_padding
    printf8.o(i._printf_core) refers to uldiv.o(.text) for __aeabi_uldivmod
    printf8.o(i._printf_core) refers to printf8.o(i._printf_post_padding) for _printf_post_padding
    printfa.o(i.__0fprintf) refers (Special) to iusefp.o(.text) for __I$use$fp
    printfa.o(i.__0fprintf) refers to printfa.o(i._printf_core) for _printf_core
    printfa.o(i.__0fprintf) refers to com_usart1.o(.text) for fputc
    printfa.o(i.__0printf) refers (Special) to iusefp.o(.text) for __I$use$fp
    printfa.o(i.__0printf) refers to printfa.o(i._printf_core) for _printf_core
    printfa.o(i.__0printf) refers to com_usart1.o(.text) for fputc
    printfa.o(i.__0printf) refers to stdout.o(.data) for __stdout
    printfa.o(i.__0snprintf) refers (Special) to iusefp.o(.text) for __I$use$fp
    printfa.o(i.__0snprintf) refers to printfa.o(i._printf_core) for _printf_core
    printfa.o(i.__0snprintf) refers to printfa.o(i._snputc) for _snputc
    printfa.o(i.__0sprintf) refers (Special) to iusefp.o(.text) for __I$use$fp
    printfa.o(i.__0sprintf) refers to printfa.o(i._printf_core) for _printf_core
    printfa.o(i.__0sprintf) refers to printfa.o(i._sputc) for _sputc
    printfa.o(i.__0vfprintf) refers (Special) to iusefp.o(.text) for __I$use$fp
    printfa.o(i.__0vfprintf) refers to printfa.o(i._printf_core) for _printf_core
    printfa.o(i.__0vfprintf) refers to com_usart1.o(.text) for fputc
    printfa.o(i.__0vprintf) refers (Special) to iusefp.o(.text) for __I$use$fp
    printfa.o(i.__0vprintf) refers to printfa.o(i._printf_core) for _printf_core
    printfa.o(i.__0vprintf) refers to com_usart1.o(.text) for fputc
    printfa.o(i.__0vprintf) refers to stdout.o(.data) for __stdout
    printfa.o(i.__0vsnprintf) refers (Special) to iusefp.o(.text) for __I$use$fp
    printfa.o(i.__0vsnprintf) refers to printfa.o(i._printf_core) for _printf_core
    printfa.o(i.__0vsnprintf) refers to printfa.o(i._snputc) for _snputc
    printfa.o(i.__0vsprintf) refers (Special) to iusefp.o(.text) for __I$use$fp
    printfa.o(i.__0vsprintf) refers to printfa.o(i._printf_core) for _printf_core
    printfa.o(i.__0vsprintf) refers to printfa.o(i._sputc) for _sputc
    printfa.o(i._fp_digits) refers (Special) to iusefp.o(.text) for __I$use$fp
    printfa.o(i._fp_digits) refers to dmul.o(.text) for __aeabi_dmul
    printfa.o(i._fp_digits) refers to ddiv.o(.text) for __aeabi_ddiv
    printfa.o(i._fp_digits) refers to cdrcmple.o(.text) for __aeabi_cdrcmple
    printfa.o(i._fp_digits) refers to dadd.o(.text) for __aeabi_dadd
    printfa.o(i._fp_digits) refers to dfixul.o(.text) for __aeabi_d2ulz
    printfa.o(i._fp_digits) refers to uldiv.o(.text) for __aeabi_uldivmod
    printfa.o(i._printf_core) refers (Special) to iusefp.o(.text) for __I$use$fp
    printfa.o(i._printf_core) refers to printfa.o(i._printf_pre_padding) for _printf_pre_padding
    printfa.o(i._printf_core) refers to uldiv.o(.text) for __aeabi_uldivmod
    printfa.o(i._printf_core) refers to printfa.o(i._printf_post_padding) for _printf_post_padding
    printfa.o(i._printf_core) refers to printfa.o(i._fp_digits) for _fp_digits
    printfa.o(i._printf_core) refers to uidiv.o(.text) for __aeabi_uidivmod
    printfa.o(i._printf_post_padding) refers (Special) to iusefp.o(.text) for __I$use$fp
    printfa.o(i._printf_pre_padding) refers (Special) to iusefp.o(.text) for __I$use$fp
    printfa.o(i._snputc) refers (Special) to iusefp.o(.text) for __I$use$fp
    printfa.o(i._sputc) refers (Special) to iusefp.o(.text) for __I$use$fp
    entry2.o(.ARM.Collect$$$$00000001) refers to entry2.o(.ARM.Collect$$$$00002712) for __lit__00000000
    entry2.o(.ARM.Collect$$$$00002712) refers to startup_stm32f10x_hd.o(STACK) for __initial_sp
    entry2.o(__vectab_stack_and_reset_area) refers to startup_stm32f10x_hd.o(STACK) for __initial_sp
    entry2.o(__vectab_stack_and_reset_area) refers to entry.o(.ARM.Collect$$$$00000000) for __main
    entry5.o(.ARM.Collect$$$$00000004) refers to init.o(.text) for __scatterload
    entry7.o(.ARM.Collect$$$$00000007) refers to main.o(.text) for main
    uldiv.o(.text) refers to llushr.o(.text) for __aeabi_llsr
    uldiv.o(.text) refers to llshl.o(.text) for __aeabi_llsl
    dadd.o(.text) refers to llshl.o(.text) for __aeabi_llsl
    dadd.o(.text) refers to llsshr.o(.text) for __aeabi_lasr
    dadd.o(.text) refers to depilogue.o(.text) for _double_epilogue
    dmul.o(.text) refers to depilogue.o(.text) for _double_epilogue
    ddiv.o(.text) refers to depilogue.o(.text) for _double_round
    dfixul.o(.text) refers to llushr.o(.text) for __aeabi_llsr
    dfixul.o(.text) refers to llshl.o(.text) for __aeabi_llsl
    init.o(.text) refers to entry5.o(.ARM.Collect$$$$00000004) for __main_after_scatterload
    depilogue.o(.text) refers to llshl.o(.text) for __aeabi_llsl
    depilogue.o(.text) refers to llushr.o(.text) for __aeabi_llsr


==============================================================================

Removing Unused input sections from the image.

    Removing startup_stm32f10x_hd.o(HEAP), (512 bytes).
    Removing stm32f10x_flash.o(.emb_text), (8 bytes).
    Removing stm32f10x_gpio.o(.emb_text), (8 bytes).
    Removing stm32f10x_rcc.o(.emb_text), (8 bytes).
    Removing rcc_configuration.o(.emb_text), (8 bytes).
    Removing core_cm3.o(.emb_text), (32 bytes).
    Removing nvic_misc.o(.emb_text), (8 bytes).
    Removing delay.o(.emb_text), (8 bytes).
    Removing stm32f10x_usart.o(.emb_text), (8 bytes).
    Removing com_usart1.o(.emb_text), (8 bytes).
    Removing usart.o(.emb_text), (8 bytes).
    Removing stm32f10x_adc.o(.emb_text), (8 bytes).
    Removing adc_init.o(.emb_text), (8 bytes).
    Removing stm32f10x_dma.o(.emb_text), (8 bytes).
    Removing led.o(.emb_text), (8 bytes).
    Removing main.o(.emb_text), (8 bytes).
    Removing stm32f10x_it.o(.emb_text), (8 bytes).
    Removing dadd.o(.text), (330 bytes).
    Removing dmul.o(.text), (226 bytes).
    Removing ddiv.o(.text), (222 bytes).
    Removing dfixul.o(.text), (48 bytes).
    Removing cdrcmple.o(.text), (40 bytes).
    Removing depilogue.o(.text), (194 bytes).

23 unused section(s) (total 1724 bytes) removed from the image.

==============================================================================

Image Symbol Table

    Local Symbols

    Symbol Name                              Value     Ov Type        Size  Object(Section)

    ../../microlib/division.c                0x00000000   Number         0  uldiv.o ABSOLUTE
    ../../microlib/division.c                0x00000000   Number         0  uidiv.o ABSOLUTE
    ../../microlib/fpadd.c                   0x00000000   Number         0  dadd.o ABSOLUTE
    ../../microlib/fpdiv.c                   0x00000000   Number         0  ddiv.o ABSOLUTE
    ../../microlib/fpepilogue.c              0x00000000   Number         0  depilogue.o ABSOLUTE
    ../../microlib/fpfix.c                   0x00000000   Number         0  dfixul.o ABSOLUTE
    ../../microlib/fpmul.c                   0x00000000   Number         0  dmul.o ABSOLUTE
    ../../microlib/init/entry.s              0x00000000   Number         0  entry.o ABSOLUTE
    ../../microlib/init/entry.s              0x00000000   Number         0  entry2.o ABSOLUTE
    ../../microlib/init/entry.s              0x00000000   Number         0  entry7.o ABSOLUTE
    ../../microlib/init/entry.s              0x00000000   Number         0  entry5.o ABSOLUTE
    ../../microlib/longlong.c                0x00000000   Number         0  llsshr.o ABSOLUTE
    ../../microlib/longlong.c                0x00000000   Number         0  llushr.o ABSOLUTE
    ../../microlib/longlong.c                0x00000000   Number         0  llshl.o ABSOLUTE
    ../../microlib/printf/printf.c           0x00000000   Number         0  printf7.o ABSOLUTE
    ../../microlib/printf/printf.c           0x00000000   Number         0  printf8.o ABSOLUTE
    ../../microlib/printf/printf.c           0x00000000   Number         0  printf6.o ABSOLUTE
    ../../microlib/printf/printf.c           0x00000000   Number         0  printf4.o ABSOLUTE
    ../../microlib/printf/printf.c           0x00000000   Number         0  printfa.o ABSOLUTE
    ../../microlib/printf/printf.c           0x00000000   Number         0  printfb.o ABSOLUTE
    ../../microlib/printf/printf.c           0x00000000   Number         0  printf5.o ABSOLUTE
    ../../microlib/printf/printf.c           0x00000000   Number         0  printf3.o ABSOLUTE
    ../../microlib/printf/printf.c           0x00000000   Number         0  printf2.o ABSOLUTE
    ../../microlib/printf/printf.c           0x00000000   Number         0  printf1.o ABSOLUTE
    ../../microlib/printf/printf.c           0x00000000   Number         0  printf0.o ABSOLUTE
    ../../microlib/printf/stubs.s            0x00000000   Number         0  stubs.o ABSOLUTE
    ../../microlib/stdio/streams.c           0x00000000   Number         0  stdout.o ABSOLUTE
    ../../microlib/stubs.s                   0x00000000   Number         0  iusefp.o ABSOLUTE
    ..\Stm32lib\CMSIS\core_cm3.c             0x00000000   Number         0  core_cm3.o ABSOLUTE
    ..\Stm32lib\src\RCC_Configuration.c      0x00000000   Number         0  rcc_configuration.o ABSOLUTE
    ..\Stm32lib\src\nvic_misc.c              0x00000000   Number         0  nvic_misc.o ABSOLUTE
    ..\Stm32lib\src\stm32f10x_adc.c          0x00000000   Number         0  stm32f10x_adc.o ABSOLUTE
    ..\Stm32lib\src\stm32f10x_dma.c          0x00000000   Number         0  stm32f10x_dma.o ABSOLUTE
    ..\Stm32lib\src\stm32f10x_flash.c        0x00000000   Number         0  stm32f10x_flash.o ABSOLUTE
    ..\Stm32lib\src\stm32f10x_gpio.c         0x00000000   Number         0  stm32f10x_gpio.o ABSOLUTE
    ..\Stm32lib\src\stm32f10x_rcc.c          0x00000000   Number         0  stm32f10x_rcc.o ABSOLUTE
    ..\Stm32lib\src\stm32f10x_usart.c        0x00000000   Number         0  stm32f10x_usart.o ABSOLUTE
    ..\Stm32lib\src_base\ADC_init.c          0x00000000   Number         0  adc_init.o ABSOLUTE
    ..\Stm32lib\src_base\COM_USART1.c        0x00000000   Number         0  com_usart1.o ABSOLUTE
    ..\Stm32lib\src_base\delay.c             0x00000000   Number         0  delay.o ABSOLUTE
    ..\Stm32lib\src_base\usart.c             0x00000000   Number         0  usart.o ABSOLUTE
    ..\\Stm32lib\\CMSIS\\core_cm3.c          0x00000000   Number         0  core_cm3.o ABSOLUTE
    ..\\Stm32lib\\src\\RCC_Configuration.c   0x00000000   Number         0  rcc_configuration.o ABSOLUTE
    ..\\Stm32lib\\src\\nvic_misc.c           0x00000000   Number         0  nvic_misc.o ABSOLUTE
    ..\\Stm32lib\\src\\stm32f10x_adc.c       0x00000000   Number         0  stm32f10x_adc.o ABSOLUTE
    ..\\Stm32lib\\src\\stm32f10x_dma.c       0x00000000   Number         0  stm32f10x_dma.o ABSOLUTE
    ..\\Stm32lib\\src\\stm32f10x_flash.c     0x00000000   Number         0  stm32f10x_flash.o ABSOLUTE
    ..\\Stm32lib\\src\\stm32f10x_gpio.c      0x00000000   Number         0  stm32f10x_gpio.o ABSOLUTE
    ..\\Stm32lib\\src\\stm32f10x_rcc.c       0x00000000   Number         0  stm32f10x_rcc.o ABSOLUTE
    ..\\Stm32lib\\src\\stm32f10x_usart.c     0x00000000   Number         0  stm32f10x_usart.o ABSOLUTE
    ..\\Stm32lib\\src_base\\ADC_init.c       0x00000000   Number         0  adc_init.o ABSOLUTE
    ..\\Stm32lib\\src_base\\COM_USART1.c     0x00000000   Number         0  com_usart1.o ABSOLUTE
    ..\\Stm32lib\\src_base\\delay.c          0x00000000   Number         0  delay.o ABSOLUTE
    ..\\Stm32lib\\src_base\\usart.c          0x00000000   Number         0  usart.o ABSOLUTE
    ..\\user\\src\\led.c                     0x00000000   Number         0  led.o ABSOLUTE
    ..\\user\\src\\main.c                    0x00000000   Number         0  main.o ABSOLUTE
    ..\\user\\src\\stm32f10x_it.c            0x00000000   Number         0  stm32f10x_it.o ABSOLUTE
    ..\user\src\led.c                        0x00000000   Number         0  led.o ABSOLUTE
    ..\user\src\main.c                       0x00000000   Number         0  main.o ABSOLUTE
    ..\user\src\stm32f10x_it.c               0x00000000   Number         0  stm32f10x_it.o ABSOLUTE
    cdrcmple.s                               0x00000000   Number         0  cdrcmple.o ABSOLUTE
    dc.s                                     0x00000000   Number         0  dc.o ABSOLUTE
    handlers.s                               0x00000000   Number         0  handlers.o ABSOLUTE
    init.s                                   0x00000000   Number         0  init.o ABSOLUTE
    startup_stm32f10x_hd.s                   0x00000000   Number         0  startup_stm32f10x_hd.o ABSOLUTE
    RESET                                    0x20000000   Section      304  startup_stm32f10x_hd.o(RESET)
    .ARM.Collect$$$$00000000                 0x20000130   Section        0  entry.o(.ARM.Collect$$$$00000000)
    .ARM.Collect$$$$00000001                 0x20000130   Section        4  entry2.o(.ARM.Collect$$$$00000001)
    .ARM.Collect$$$$00000004                 0x20000134   Section        4  entry5.o(.ARM.Collect$$$$00000004)
    .ARM.Collect$$$$00000007                 0x20000138   Section        8  entry7.o(.ARM.Collect$$$$00000007)
    .ARM.Collect$$$$00002712                 0x20000140   Section        4  entry2.o(.ARM.Collect$$$$00002712)
    __lit__00000000                          0x20000140   Data           4  entry2.o(.ARM.Collect$$$$00002712)
    .text                                    0x20000144   Section       28  startup_stm32f10x_hd.o(.text)
    .text                                    0x20000160   Section        0  stm32f10x_flash.o(.text)
    .text                                    0x20000728   Section        0  stm32f10x_gpio.o(.text)
    .text                                    0x20000a80   Section        0  stm32f10x_rcc.o(.text)
    .text                                    0x20000e24   Section        0  rcc_configuration.o(.text)
    .text                                    0x20000e90   Section        0  nvic_misc.o(.text)
    .text                                    0x20000f88   Section        0  delay.o(.text)
    .text                                    0x20001048   Section        0  stm32f10x_usart.o(.text)
    .text                                    0x20001454   Section        0  com_usart1.o(.text)
    .text                                    0x20001544   Section        0  usart.o(.text)
    .text                                    0x200015e8   Section        0  stm32f10x_adc.o(.text)
    .text                                    0x20001a28   Section        0  adc_init.o(.text)
    .text                                    0x20001b40   Section        0  stm32f10x_dma.o(.text)
    .text                                    0x20001d88   Section        0  led.o(.text)
    .text                                    0x20001db4   Section        0  main.o(.text)
    .text                                    0x20001edc   Section        0  stm32f10x_it.o(.text)
    .text                                    0x20001ef6   Section        0  uldiv.o(.text)
    .text                                    0x20001f5c   Section       36  init.o(.text)
    .text                                    0x20001f80   Section        0  llshl.o(.text)
    .text                                    0x20001f9e   Section        0  llushr.o(.text)
    i.__0printf$5                            0x20001fc0   Section        0  printf5.o(i.__0printf$5)
    i.__scatterload_copy                     0x20001fe0   Section       14  handlers.o(i.__scatterload_copy)
    i.__scatterload_null                     0x20001fee   Section        2  handlers.o(i.__scatterload_null)
    i.__scatterload_zeroinit                 0x20001ff0   Section       14  handlers.o(i.__scatterload_zeroinit)
    i._printf_core                           0x20002000   Section        0  printf5.o(i._printf_core)
    _printf_core                             0x20002001   Thumb Code   664  printf5.o(i._printf_core)
    .constdata                               0x200022c4   Section       72  main.o(.constdata)
    .data                                    0x20008000   Section       20  stm32f10x_rcc.o(.data)
    APBAHBPrescTable                         0x20008000   Data          16  stm32f10x_rcc.o(.data)
    ADCPrescTable                            0x20008010   Data           4  stm32f10x_rcc.o(.data)
    .data                                    0x20008014   Section        4  delay.o(.data)
    fac_us                                   0x20008014   Data           1  delay.o(.data)
    fac_ms                                   0x20008016   Data           2  delay.o(.data)
    .data                                    0x20008018   Section        4  adc_init.o(.data)
    .data                                    0x2000801c   Section        4  stdout.o(.data)
    STACK                                    0x20008020   Section     1024  startup_stm32f10x_hd.o(STACK)

    Global Symbols

    Symbol Name                              Value     Ov Type        Size  Object(Section)

    BuildAttributes$$THM_ISAv4$P$D$K$B$S$PE$A:L22UL41UL21$X:L11$S22US41US21$IEEE1$IW$USESV6$~STKCKD$USESV7$~SHL$OSPACE$ROPI$EBA8$MICROLIB$REQ8$PRES8$EABIv2 0x00000000   Number         0  anon$$obj.o ABSOLUTE
    __ARM_use_no_argv                        0x00000000   Number         0  main.o ABSOLUTE
    _printf_a                                0x00000000   Number         0  stubs.o ABSOLUTE
    _printf_c                                0x00000000   Number         0  stubs.o ABSOLUTE
    _printf_charcount                        0x00000000   Number         0  stubs.o ABSOLUTE
    _printf_d                                0x00000000   Number         0  stubs.o ABSOLUTE
    _printf_e                                0x00000000   Number         0  stubs.o ABSOLUTE
    _printf_f                                0x00000000   Number         0  stubs.o ABSOLUTE
    _printf_flags                            0x00000000   Number         0  stubs.o ABSOLUTE
    _printf_fp_dec                           0x00000000   Number         0  stubs.o ABSOLUTE
    _printf_fp_hex                           0x00000000   Number         0  stubs.o ABSOLUTE
    _printf_g                                0x00000000   Number         0  stubs.o ABSOLUTE
    _printf_i                                0x00000000   Number         0  stubs.o ABSOLUTE
    _printf_int_dec                          0x00000000   Number         0  stubs.o ABSOLUTE
    _printf_l                                0x00000000   Number         0  stubs.o ABSOLUTE
    _printf_lc                               0x00000000   Number         0  stubs.o ABSOLUTE
    _printf_ll                               0x00000000   Number         0  stubs.o ABSOLUTE
    _printf_lld                              0x00000000   Number         0  stubs.o ABSOLUTE
    _printf_lli                              0x00000000   Number         0  stubs.o ABSOLUTE
    _printf_llo                              0x00000000   Number         0  stubs.o ABSOLUTE
    _printf_llu                              0x00000000   Number         0  stubs.o ABSOLUTE
    _printf_llx                              0x00000000   Number         0  stubs.o ABSOLUTE
    _printf_longlong_dec                     0x00000000   Number         0  stubs.o ABSOLUTE
    _printf_longlong_hex                     0x00000000   Number         0  stubs.o ABSOLUTE
    _printf_longlong_oct                     0x00000000   Number         0  stubs.o ABSOLUTE
    _printf_ls                               0x00000000   Number         0  stubs.o ABSOLUTE
    _printf_mbtowc                           0x00000000   Number         0  stubs.o ABSOLUTE
    _printf_n                                0x00000000   Number         0  stubs.o ABSOLUTE
    _printf_o                                0x00000000   Number         0  stubs.o ABSOLUTE
    _printf_p                                0x00000000   Number         0  stubs.o ABSOLUTE
    _printf_percent                          0x00000000   Number         0  stubs.o ABSOLUTE
    _printf_pre_padding                      0x00000000   Number         0  stubs.o ABSOLUTE
    _printf_return_value                     0x00000000   Number         0  stubs.o ABSOLUTE
    _printf_s                                0x00000000   Number         0  stubs.o ABSOLUTE
    _printf_sizespec                         0x00000000   Number         0  stubs.o ABSOLUTE
    _printf_str                              0x00000000   Number         0  stubs.o ABSOLUTE
    _printf_truncate_signed                  0x00000000   Number         0  stubs.o ABSOLUTE
    _printf_truncate_unsigned                0x00000000   Number         0  stubs.o ABSOLUTE
    _printf_u                                0x00000000   Number         0  stubs.o ABSOLUTE
    _printf_wc                               0x00000000   Number         0  stubs.o ABSOLUTE
    _printf_wctomb                           0x00000000   Number         0  stubs.o ABSOLUTE
    _printf_widthprec                        0x00000000   Number         0  stubs.o ABSOLUTE
    _printf_x                                0x00000000   Number         0  stubs.o ABSOLUTE
    __decompress                              - Undefined Weak Reference
    __Vectors_Size                           0x00000130   Number         0  startup_stm32f10x_hd.o ABSOLUTE
    __Vectors                                0x20000000   Data           4  startup_stm32f10x_hd.o(RESET)
    __Vectors_End                            0x20000130   Data           0  startup_stm32f10x_hd.o(RESET)
    __main                                   0x20000131   Thumb Code     0  entry.o(.ARM.Collect$$$$00000000)
    _main_stk                                0x20000131   Thumb Code     0  entry2.o(.ARM.Collect$$$$00000001)
    _main_scatterload                        0x20000135   Thumb Code     0  entry5.o(.ARM.Collect$$$$00000004)
    __main_after_scatterload                 0x20000139   Thumb Code     0  entry5.o(.ARM.Collect$$$$00000004)
    _main_init                               0x20000139   Thumb Code     0  entry7.o(.ARM.Collect$$$$00000007)
    Reset_Handler                            0x20000145   Thumb Code     4  startup_stm32f10x_hd.o(.text)
    ADC1_2_IRQHandler                        0x2000015b   Thumb Code     0  startup_stm32f10x_hd.o(.text)
    ADC3_IRQHandler                          0x2000015b   Thumb Code     0  startup_stm32f10x_hd.o(.text)
    CAN1_RX1_IRQHandler                      0x2000015b   Thumb Code     0  startup_stm32f10x_hd.o(.text)
    CAN1_SCE_IRQHandler                      0x2000015b   Thumb Code     0  startup_stm32f10x_hd.o(.text)
    DMA1_Channel1_IRQHandler                 0x2000015b   Thumb Code     0  startup_stm32f10x_hd.o(.text)
    DMA1_Channel2_IRQHandler                 0x2000015b   Thumb Code     0  startup_stm32f10x_hd.o(.text)
    DMA1_Channel3_IRQHandler                 0x2000015b   Thumb Code     0  startup_stm32f10x_hd.o(.text)
    DMA1_Channel4_IRQHandler                 0x2000015b   Thumb Code     0  startup_stm32f10x_hd.o(.text)
    DMA1_Channel5_IRQHandler                 0x2000015b   Thumb Code     0  startup_stm32f10x_hd.o(.text)
    DMA1_Channel6_IRQHandler                 0x2000015b   Thumb Code     0  startup_stm32f10x_hd.o(.text)
    DMA1_Channel7_IRQHandler                 0x2000015b   Thumb Code     0  startup_stm32f10x_hd.o(.text)
    DMA2_Channel1_IRQHandler                 0x2000015b   Thumb Code     0  startup_stm32f10x_hd.o(.text)
    DMA2_Channel2_IRQHandler                 0x2000015b   Thumb Code     0  startup_stm32f10x_hd.o(.text)
    DMA2_Channel3_IRQHandler                 0x2000015b   Thumb Code     0  startup_stm32f10x_hd.o(.text)
    DMA2_Channel4_5_IRQHandler               0x2000015b   Thumb Code     0  startup_stm32f10x_hd.o(.text)
    EXTI0_IRQHandler                         0x2000015b   Thumb Code     0  startup_stm32f10x_hd.o(.text)
    EXTI15_10_IRQHandler                     0x2000015b   Thumb Code     0  startup_stm32f10x_hd.o(.text)
    EXTI1_IRQHandler                         0x2000015b   Thumb Code     0  startup_stm32f10x_hd.o(.text)
    EXTI2_IRQHandler                         0x2000015b   Thumb Code     0  startup_stm32f10x_hd.o(.text)
    EXTI3_IRQHandler                         0x2000015b   Thumb Code     0  startup_stm32f10x_hd.o(.text)
    EXTI4_IRQHandler                         0x2000015b   Thumb Code     0  startup_stm32f10x_hd.o(.text)
    EXTI9_5_IRQHandler                       0x2000015b   Thumb Code     0  startup_stm32f10x_hd.o(.text)
    FLASH_IRQHandler                         0x2000015b   Thumb Code     0  startup_stm32f10x_hd.o(.text)
    FSMC_IRQHandler                          0x2000015b   Thumb Code     0  startup_stm32f10x_hd.o(.text)
    I2C1_ER_IRQHandler                       0x2000015b   Thumb Code     0  startup_stm32f10x_hd.o(.text)
    I2C1_EV_IRQHandler                       0x2000015b   Thumb Code     0  startup_stm32f10x_hd.o(.text)
    I2C2_ER_IRQHandler                       0x2000015b   Thumb Code     0  startup_stm32f10x_hd.o(.text)
    I2C2_EV_IRQHandler                       0x2000015b   Thumb Code     0  startup_stm32f10x_hd.o(.text)
    PVD_IRQHandler                           0x2000015b   Thumb Code     0  startup_stm32f10x_hd.o(.text)
    RCC_IRQHandler                           0x2000015b   Thumb Code     0  startup_stm32f10x_hd.o(.text)
    RTCAlarm_IRQHandler                      0x2000015b   Thumb Code     0  startup_stm32f10x_hd.o(.text)
    RTC_IRQHandler                           0x2000015b   Thumb Code     0  startup_stm32f10x_hd.o(.text)
    SDIO_IRQHandler                          0x2000015b   Thumb Code     0  startup_stm32f10x_hd.o(.text)
    SPI1_IRQHandler                          0x2000015b   Thumb Code     0  startup_stm32f10x_hd.o(.text)
    SPI2_IRQHandler                          0x2000015b   Thumb Code     0  startup_stm32f10x_hd.o(.text)
    SPI3_IRQHandler                          0x2000015b   Thumb Code     0  startup_stm32f10x_hd.o(.text)
    TAMPER_IRQHandler                        0x2000015b   Thumb Code     0  startup_stm32f10x_hd.o(.text)
    TIM1_BRK_IRQHandler                      0x2000015b   Thumb Code     0  startup_stm32f10x_hd.o(.text)
    TIM1_CC_IRQHandler                       0x2000015b   Thumb Code     0  startup_stm32f10x_hd.o(.text)
    TIM1_TRG_COM_IRQHandler                  0x2000015b   Thumb Code     0  startup_stm32f10x_hd.o(.text)
    TIM1_UP_IRQHandler                       0x2000015b   Thumb Code     0  startup_stm32f10x_hd.o(.text)
    TIM2_IRQHandler                          0x2000015b   Thumb Code     0  startup_stm32f10x_hd.o(.text)
    TIM3_IRQHandler                          0x2000015b   Thumb Code     0  startup_stm32f10x_hd.o(.text)
    TIM4_IRQHandler                          0x2000015b   Thumb Code     0  startup_stm32f10x_hd.o(.text)
    TIM5_IRQHandler                          0x2000015b   Thumb Code     0  startup_stm32f10x_hd.o(.text)
    TIM6_IRQHandler                          0x2000015b   Thumb Code     0  startup_stm32f10x_hd.o(.text)
    TIM7_IRQHandler                          0x2000015b   Thumb Code     0  startup_stm32f10x_hd.o(.text)
    TIM8_BRK_IRQHandler                      0x2000015b   Thumb Code     0  startup_stm32f10x_hd.o(.text)
    TIM8_CC_IRQHandler                       0x2000015b   Thumb Code     0  startup_stm32f10x_hd.o(.text)
    TIM8_TRG_COM_IRQHandler                  0x2000015b   Thumb Code     0  startup_stm32f10x_hd.o(.text)
    TIM8_UP_IRQHandler                       0x2000015b   Thumb Code     0  startup_stm32f10x_hd.o(.text)
    UART4_IRQHandler                         0x2000015b   Thumb Code     0  startup_stm32f10x_hd.o(.text)
    UART5_IRQHandler                         0x2000015b   Thumb Code     0  startup_stm32f10x_hd.o(.text)
    USART1_IRQHandler                        0x2000015b   Thumb Code     0  startup_stm32f10x_hd.o(.text)
    USART2_IRQHandler                        0x2000015b   Thumb Code     0  startup_stm32f10x_hd.o(.text)
    USART3_IRQHandler                        0x2000015b   Thumb Code     0  startup_stm32f10x_hd.o(.text)
    USBWakeUp_IRQHandler                     0x2000015b   Thumb Code     0  startup_stm32f10x_hd.o(.text)
    USB_HP_CAN1_TX_IRQHandler                0x2000015b   Thumb Code     0  startup_stm32f10x_hd.o(.text)
    USB_LP_CAN1_RX0_IRQHandler               0x2000015b   Thumb Code     0  startup_stm32f10x_hd.o(.text)
    WWDG_IRQHandler                          0x2000015b   Thumb Code     0  startup_stm32f10x_hd.o(.text)
    FLASH_SetLatency                         0x20000161   Thumb Code    18  stm32f10x_flash.o(.text)
    FLASH_HalfCycleAccessCmd                 0x20000173   Thumb Code    22  stm32f10x_flash.o(.text)
    FLASH_PrefetchBufferCmd                  0x20000189   Thumb Code    22  stm32f10x_flash.o(.text)
    FLASH_Unlock                             0x2000019f   Thumb Code    12  stm32f10x_flash.o(.text)
    FLASH_UnlockBank1                        0x200001ab   Thumb Code    12  stm32f10x_flash.o(.text)
    FLASH_Lock                               0x200001b7   Thumb Code    14  stm32f10x_flash.o(.text)
    FLASH_LockBank1                          0x200001c5   Thumb Code    14  stm32f10x_flash.o(.text)
    FLASH_GetBank1Status                     0x200001d3   Thumb Code    50  stm32f10x_flash.o(.text)
    FLASH_WaitForLastOperation               0x20000205   Thumb Code    38  stm32f10x_flash.o(.text)
    FLASH_ErasePage                          0x2000022b   Thumb Code    72  stm32f10x_flash.o(.text)
    FLASH_EraseAllPages                      0x20000273   Thumb Code    68  stm32f10x_flash.o(.text)
    FLASH_WaitForLastBank1Operation          0x200002b7   Thumb Code    38  stm32f10x_flash.o(.text)
    FLASH_EraseAllBank1Pages                 0x200002dd   Thumb Code    68  stm32f10x_flash.o(.text)
    FLASH_GetReadOutProtectionStatus         0x20000321   Thumb Code    20  stm32f10x_flash.o(.text)
    FLASH_EraseOptionBytes                   0x20000335   Thumb Code   152  stm32f10x_flash.o(.text)
    FLASH_ProgramWord                        0x200003cd   Thumb Code    96  stm32f10x_flash.o(.text)
    FLASH_ProgramHalfWord                    0x2000042d   Thumb Code    60  stm32f10x_flash.o(.text)
    FLASH_ProgramOptionByteData              0x20000469   Thumb Code    72  stm32f10x_flash.o(.text)
    FLASH_EnableWriteProtection              0x200004b1   Thumb Code   208  stm32f10x_flash.o(.text)
    FLASH_ReadOutProtection                  0x20000581   Thumb Code   156  stm32f10x_flash.o(.text)
    FLASH_UserOptionByteConfig               0x2000061d   Thumb Code    88  stm32f10x_flash.o(.text)
    FLASH_GetUserOptionByte                  0x20000675   Thumb Code     8  stm32f10x_flash.o(.text)
    FLASH_GetWriteProtectionOptionByte       0x2000067d   Thumb Code     6  stm32f10x_flash.o(.text)
    FLASH_GetPrefetchBufferStatus            0x20000683   Thumb Code    20  stm32f10x_flash.o(.text)
    FLASH_ITConfig                           0x20000697   Thumb Code    26  stm32f10x_flash.o(.text)
    FLASH_GetFlagStatus                      0x200006b1   Thumb Code    42  stm32f10x_flash.o(.text)
    FLASH_ClearFlag                          0x200006db   Thumb Code     6  stm32f10x_flash.o(.text)
    FLASH_GetStatus                          0x200006e1   Thumb Code    50  stm32f10x_flash.o(.text)
    GPIO_DeInit                              0x20000729   Thumb Code   172  stm32f10x_gpio.o(.text)
    GPIO_AFIODeInit                          0x200007d5   Thumb Code    20  stm32f10x_gpio.o(.text)
    GPIO_Init                                0x200007e9   Thumb Code   274  stm32f10x_gpio.o(.text)
    GPIO_StructInit                          0x200008fb   Thumb Code    16  stm32f10x_gpio.o(.text)
    GPIO_ReadInputDataBit                    0x2000090b   Thumb Code    18  stm32f10x_gpio.o(.text)
    GPIO_ReadInputData                       0x2000091d   Thumb Code     8  stm32f10x_gpio.o(.text)
    GPIO_ReadOutputDataBit                   0x20000925   Thumb Code    18  stm32f10x_gpio.o(.text)
    GPIO_ReadOutputData                      0x20000937   Thumb Code     8  stm32f10x_gpio.o(.text)
    GPIO_SetBits                             0x2000093f   Thumb Code     4  stm32f10x_gpio.o(.text)
    GPIO_ResetBits                           0x20000943   Thumb Code     4  stm32f10x_gpio.o(.text)
    GPIO_WriteBit                            0x20000947   Thumb Code    10  stm32f10x_gpio.o(.text)
    GPIO_Write                               0x20000951   Thumb Code     4  stm32f10x_gpio.o(.text)
    GPIO_PinLockConfig                       0x20000955   Thumb Code    18  stm32f10x_gpio.o(.text)
    GPIO_EventOutputConfig                   0x20000967   Thumb Code    26  stm32f10x_gpio.o(.text)
    GPIO_EventOutputCmd                      0x20000981   Thumb Code     6  stm32f10x_gpio.o(.text)
    GPIO_PinRemapConfig                      0x20000987   Thumb Code   138  stm32f10x_gpio.o(.text)
    GPIO_EXTILineConfig                      0x20000a11   Thumb Code    66  stm32f10x_gpio.o(.text)
    GPIO_ETH_MediaInterfaceConfig            0x20000a53   Thumb Code     6  stm32f10x_gpio.o(.text)
    RCC_DeInit                               0x20000a81   Thumb Code    64  stm32f10x_rcc.o(.text)
    RCC_HSEConfig                            0x20000ac1   Thumb Code    70  stm32f10x_rcc.o(.text)
    RCC_GetFlagStatus                        0x20000b07   Thumb Code    56  stm32f10x_rcc.o(.text)
    RCC_WaitForHSEStartUp                    0x20000b3f   Thumb Code    48  stm32f10x_rcc.o(.text)
    RCC_AdjustHSICalibrationValue            0x20000b6f   Thumb Code    20  stm32f10x_rcc.o(.text)
    RCC_HSICmd                               0x20000b83   Thumb Code     6  stm32f10x_rcc.o(.text)
    RCC_PLLConfig                            0x20000b89   Thumb Code    24  stm32f10x_rcc.o(.text)
    RCC_PLLCmd                               0x20000ba1   Thumb Code     6  stm32f10x_rcc.o(.text)
    RCC_SYSCLKConfig                         0x20000ba7   Thumb Code    18  stm32f10x_rcc.o(.text)
    RCC_GetSYSCLKSource                      0x20000bb9   Thumb Code    10  stm32f10x_rcc.o(.text)
    RCC_HCLKConfig                           0x20000bc3   Thumb Code    18  stm32f10x_rcc.o(.text)
    RCC_PCLK1Config                          0x20000bd5   Thumb Code    18  stm32f10x_rcc.o(.text)
    RCC_PCLK2Config                          0x20000be7   Thumb Code    20  stm32f10x_rcc.o(.text)
    RCC_ITConfig                             0x20000bfb   Thumb Code    30  stm32f10x_rcc.o(.text)
    RCC_USBCLKConfig                         0x20000c19   Thumb Code     6  stm32f10x_rcc.o(.text)
    RCC_ADCCLKConfig                         0x20000c1f   Thumb Code    18  stm32f10x_rcc.o(.text)
    RCC_LSEConfig                            0x20000c31   Thumb Code    44  stm32f10x_rcc.o(.text)
    RCC_LSICmd                               0x20000c5d   Thumb Code     6  stm32f10x_rcc.o(.text)
    RCC_RTCCLKConfig                         0x20000c63   Thumb Code    12  stm32f10x_rcc.o(.text)
    RCC_RTCCLKCmd                            0x20000c6f   Thumb Code     6  stm32f10x_rcc.o(.text)
    RCC_GetClocksFreq                        0x20000c75   Thumb Code   192  stm32f10x_rcc.o(.text)
    RCC_AHBPeriphClockCmd                    0x20000d35   Thumb Code    26  stm32f10x_rcc.o(.text)
    RCC_APB2PeriphClockCmd                   0x20000d4f   Thumb Code    26  stm32f10x_rcc.o(.text)
    RCC_APB1PeriphClockCmd                   0x20000d69   Thumb Code    26  stm32f10x_rcc.o(.text)
    RCC_APB2PeriphResetCmd                   0x20000d83   Thumb Code    26  stm32f10x_rcc.o(.text)
    RCC_APB1PeriphResetCmd                   0x20000d9d   Thumb Code    26  stm32f10x_rcc.o(.text)
    RCC_BackupResetCmd                       0x20000db7   Thumb Code     6  stm32f10x_rcc.o(.text)
    RCC_ClockSecuritySystemCmd               0x20000dbd   Thumb Code     6  stm32f10x_rcc.o(.text)
    RCC_MCOConfig                            0x20000dc3   Thumb Code     6  stm32f10x_rcc.o(.text)
    RCC_ClearFlag                            0x20000dc9   Thumb Code    14  stm32f10x_rcc.o(.text)
    RCC_GetITStatus                          0x20000dd7   Thumb Code    20  stm32f10x_rcc.o(.text)
    RCC_ClearITPendingBit                    0x20000deb   Thumb Code     6  stm32f10x_rcc.o(.text)
    RCC_Configuration                        0x20000e25   Thumb Code   106  rcc_configuration.o(.text)
    NVIC_PriorityGroupConfig                 0x20000e91   Thumb Code    10  nvic_misc.o(.text)
    NVIC_Init                                0x20000e9b   Thumb Code   118  nvic_misc.o(.text)
    NVIC_SetVectorTable                      0x20000f11   Thumb Code    12  nvic_misc.o(.text)
    NVIC_SystemLPConfig                      0x20000f1d   Thumb Code    38  nvic_misc.o(.text)
    SysTick_CLKSourceConfig                  0x20000f43   Thumb Code    40  nvic_misc.o(.text)
    delay_init                               0x20000f89   Thumb Code    38  delay.o(.text)
    delay_us                                 0x20000faf   Thumb Code    70  delay.o(.text)
    delay_ms                                 0x20000ff5   Thumb Code    70  delay.o(.text)
    USART_DeInit                             0x20001049   Thumb Code   134  stm32f10x_usart.o(.text)
    USART_Init                               0x200010cf   Thumb Code   210  stm32f10x_usart.o(.text)
    USART_StructInit                         0x200011a1   Thumb Code    24  stm32f10x_usart.o(.text)
    USART_ClockInit                          0x200011b9   Thumb Code    34  stm32f10x_usart.o(.text)
    USART_ClockStructInit                    0x200011db   Thumb Code    12  stm32f10x_usart.o(.text)
    USART_Cmd                                0x200011e7   Thumb Code    24  stm32f10x_usart.o(.text)
    USART_ITConfig                           0x200011ff   Thumb Code    74  stm32f10x_usart.o(.text)
    USART_DMACmd                             0x20001249   Thumb Code    24  stm32f10x_usart.o(.text)
    USART_SetAddress                         0x20001261   Thumb Code    18  stm32f10x_usart.o(.text)
    USART_WakeUpConfig                       0x20001273   Thumb Code    18  stm32f10x_usart.o(.text)
    USART_ReceiverWakeUpCmd                  0x20001285   Thumb Code    24  stm32f10x_usart.o(.text)
    USART_LINBreakDetectLengthConfig         0x2000129d   Thumb Code    18  stm32f10x_usart.o(.text)
    USART_LINCmd                             0x200012af   Thumb Code    24  stm32f10x_usart.o(.text)
    USART_SendData                           0x200012c7   Thumb Code     8  stm32f10x_usart.o(.text)
    USART_ReceiveData                        0x200012cf   Thumb Code    10  stm32f10x_usart.o(.text)
    USART_SendBreak                          0x200012d9   Thumb Code    10  stm32f10x_usart.o(.text)
    USART_SetGuardTime                       0x200012e3   Thumb Code    16  stm32f10x_usart.o(.text)
    USART_SetPrescaler                       0x200012f3   Thumb Code    16  stm32f10x_usart.o(.text)
    USART_SmartCardCmd                       0x20001303   Thumb Code    24  stm32f10x_usart.o(.text)
    USART_SmartCardNACKCmd                   0x2000131b   Thumb Code    24  stm32f10x_usart.o(.text)
    USART_HalfDuplexCmd                      0x20001333   Thumb Code    24  stm32f10x_usart.o(.text)
    USART_OverSampling8Cmd                   0x2000134b   Thumb Code    22  stm32f10x_usart.o(.text)
    USART_OneBitMethodCmd                    0x20001361   Thumb Code    24  stm32f10x_usart.o(.text)
    USART_IrDAConfig                         0x20001379   Thumb Code    18  stm32f10x_usart.o(.text)
    USART_IrDACmd                            0x2000138b   Thumb Code    24  stm32f10x_usart.o(.text)
    USART_GetFlagStatus                      0x200013a3   Thumb Code    26  stm32f10x_usart.o(.text)
    USART_ClearFlag                          0x200013bd   Thumb Code    18  stm32f10x_usart.o(.text)
    USART_GetITStatus                        0x200013cf   Thumb Code    84  stm32f10x_usart.o(.text)
    USART_ClearITPendingBit                  0x20001423   Thumb Code    50  stm32f10x_usart.o(.text)
    GetKey                                   0x20001455   Thumb Code    22  com_usart1.o(.text)
    fputc                                    0x2000146b   Thumb Code    30  com_usart1.o(.text)
    ComGPIO_Init                             0x20001489   Thumb Code    70  com_usart1.o(.text)
    ComUsart_init                            0x200014cf   Thumb Code    70  com_usart1.o(.text)
    ComNvic_Init                             0x20001515   Thumb Code    34  com_usart1.o(.text)
    uart2_init                               0x20001545   Thumb Code   156  usart.o(.text)
    ADC_DeInit                               0x200015e9   Thumb Code    78  stm32f10x_adc.o(.text)
    ADC_Init                                 0x20001637   Thumb Code    70  stm32f10x_adc.o(.text)
    ADC_StructInit                           0x2000167d   Thumb Code    18  stm32f10x_adc.o(.text)
    ADC_Cmd                                  0x2000168f   Thumb Code    22  stm32f10x_adc.o(.text)
    ADC_DMACmd                               0x200016a5   Thumb Code    22  stm32f10x_adc.o(.text)
    ADC_ITConfig                             0x200016bb   Thumb Code    24  stm32f10x_adc.o(.text)
    ADC_ResetCalibration                     0x200016d3   Thumb Code    10  stm32f10x_adc.o(.text)
    ADC_GetResetCalibrationStatus            0x200016dd   Thumb Code    20  stm32f10x_adc.o(.text)
    ADC_StartCalibration                     0x200016f1   Thumb Code    10  stm32f10x_adc.o(.text)
    ADC_GetCalibrationStatus                 0x200016fb   Thumb Code    20  stm32f10x_adc.o(.text)
    ADC_SoftwareStartConvCmd                 0x2000170f   Thumb Code    22  stm32f10x_adc.o(.text)
    ADC_GetSoftwareStartConvStatus           0x20001725   Thumb Code    20  stm32f10x_adc.o(.text)
    ADC_DiscModeChannelCountConfig           0x20001739   Thumb Code    24  stm32f10x_adc.o(.text)
    ADC_DiscModeCmd                          0x20001751   Thumb Code    22  stm32f10x_adc.o(.text)
    ADC_RegularChannelConfig                 0x20001767   Thumb Code   184  stm32f10x_adc.o(.text)
    ADC_ExternalTrigConvCmd                  0x2000181f   Thumb Code    22  stm32f10x_adc.o(.text)
    ADC_GetConversionValue                   0x20001835   Thumb Code     8  stm32f10x_adc.o(.text)
    ADC_GetDualModeConversionValue           0x2000183d   Thumb Code     6  stm32f10x_adc.o(.text)
    ADC_AutoInjectedConvCmd                  0x20001843   Thumb Code    22  stm32f10x_adc.o(.text)
    ADC_InjectedDiscModeCmd                  0x20001859   Thumb Code    22  stm32f10x_adc.o(.text)
    ADC_ExternalTrigInjectedConvConfig       0x2000186f   Thumb Code    16  stm32f10x_adc.o(.text)
    ADC_ExternalTrigInjectedConvCmd          0x2000187f   Thumb Code    22  stm32f10x_adc.o(.text)
    ADC_SoftwareStartInjectedConvCmd         0x20001895   Thumb Code    22  stm32f10x_adc.o(.text)
    ADC_GetSoftwareStartInjectedConvCmdStatus 0x200018ab   Thumb Code    20  stm32f10x_adc.o(.text)
    ADC_InjectedChannelConfig                0x200018bf   Thumb Code   130  stm32f10x_adc.o(.text)
    ADC_InjectedSequencerLengthConfig        0x20001941   Thumb Code    24  stm32f10x_adc.o(.text)
    ADC_SetInjectedOffset                    0x20001959   Thumb Code    12  stm32f10x_adc.o(.text)
    ADC_GetInjectedConversionValue           0x20001965   Thumb Code    18  stm32f10x_adc.o(.text)
    ADC_AnalogWatchdogCmd                    0x20001977   Thumb Code    16  stm32f10x_adc.o(.text)
    ADC_AnalogWatchdogThresholdsConfig       0x20001987   Thumb Code     6  stm32f10x_adc.o(.text)
    ADC_AnalogWatchdogSingleChannelConfig    0x2000198d   Thumb Code    16  stm32f10x_adc.o(.text)
    ADC_TempSensorVrefintCmd                 0x2000199d   Thumb Code    34  stm32f10x_adc.o(.text)
    ADC_GetFlagStatus                        0x200019bf   Thumb Code    54  stm32f10x_adc.o(.text)
    ADC_ClearFlag                            0x200019f5   Thumb Code     6  stm32f10x_adc.o(.text)
    ADC_GetITStatus                          0x200019fb   Thumb Code    36  stm32f10x_adc.o(.text)
    ADC_ClearITPendingBit                    0x20001a1f   Thumb Code    10  stm32f10x_adc.o(.text)
    ADC_GPIO_Configuration                   0x20001a29   Thumb Code    32  adc_init.o(.text)
    ADC_Configuration                        0x20001a49   Thumb Code   222  adc_init.o(.text)
    GetADCConvertedValue                     0x20001b27   Thumb Code     6  adc_init.o(.text)
    DMA_DeInit                               0x20001b41   Thumb Code   320  stm32f10x_dma.o(.text)
    DMA_Init                                 0x20001c81   Thumb Code    60  stm32f10x_dma.o(.text)
    DMA_StructInit                           0x20001cbd   Thumb Code    26  stm32f10x_dma.o(.text)
    DMA_Cmd                                  0x20001cd7   Thumb Code    24  stm32f10x_dma.o(.text)
    DMA_ITConfig                             0x20001cef   Thumb Code    18  stm32f10x_dma.o(.text)
    DMA_SetCurrDataCounter                   0x20001d01   Thumb Code     4  stm32f10x_dma.o(.text)
    DMA_GetCurrDataCounter                   0x20001d05   Thumb Code     8  stm32f10x_dma.o(.text)
    DMA_GetFlagStatus                        0x20001d0d   Thumb Code    34  stm32f10x_dma.o(.text)
    DMA_ClearFlag                            0x20001d2f   Thumb Code    18  stm32f10x_dma.o(.text)
    DMA_GetITStatus                          0x20001d41   Thumb Code    34  stm32f10x_dma.o(.text)
    DMA_ClearITPendingBit                    0x20001d63   Thumb Code    18  stm32f10x_dma.o(.text)
    LED_config                               0x20001d89   Thumb Code    40  led.o(.text)
    main                                     0x20001db5   Thumb Code   196  main.o(.text)
    NMI_Handler                              0x20001edd   Thumb Code     2  stm32f10x_it.o(.text)
    HardFault_Handler                        0x20001edf   Thumb Code     4  stm32f10x_it.o(.text)
    MemManage_Handler                        0x20001ee3   Thumb Code     4  stm32f10x_it.o(.text)
    BusFault_Handler                         0x20001ee7   Thumb Code     4  stm32f10x_it.o(.text)
    UsageFault_Handler                       0x20001eeb   Thumb Code     4  stm32f10x_it.o(.text)
    SVC_Handler                              0x20001eef   Thumb Code     2  stm32f10x_it.o(.text)
    DebugMon_Handler                         0x20001ef1   Thumb Code     2  stm32f10x_it.o(.text)
    PendSV_Handler                           0x20001ef3   Thumb Code     2  stm32f10x_it.o(.text)
    SysTick_Handler                          0x20001ef5   Thumb Code     2  stm32f10x_it.o(.text)
    __aeabi_uldivmod                         0x20001ef7   Thumb Code   102  uldiv.o(.text)
    __scatterload                            0x20001f5d   Thumb Code    28  init.o(.text)
    __scatterload_rt2                        0x20001f5d   Thumb Code     0  init.o(.text)
    __aeabi_llsl                             0x20001f81   Thumb Code    30  llshl.o(.text)
    _ll_shift_l                              0x20001f81   Thumb Code     0  llshl.o(.text)
    __aeabi_llsr                             0x20001f9f   Thumb Code    32  llushr.o(.text)
    _ll_ushift_r                             0x20001f9f   Thumb Code     0  llushr.o(.text)
    __0printf$5                              0x20001fc1   Thumb Code    22  printf5.o(i.__0printf$5)
    __1printf$5                              0x20001fc1   Thumb Code     0  printf5.o(i.__0printf$5)
    __2printf                                0x20001fc1   Thumb Code     0  printf5.o(i.__0printf$5)
    __scatterload_copy                       0x20001fe1   Thumb Code    14  handlers.o(i.__scatterload_copy)
    __scatterload_null                       0x20001fef   Thumb Code     2  handlers.o(i.__scatterload_null)
    __scatterload_zeroinit                   0x20001ff1   Thumb Code    14  handlers.o(i.__scatterload_zeroinit)
    Region$$Table$$Base                      0x2000230c   Number         0  anon$$obj.o(Region$$Table)
    Region$$Table$$Limit                     0x2000232c   Number         0  anon$$obj.o(Region$$Table)
    ADCConvertedValue                        0x20008018   Data           2  adc_init.o(.data)
    ADCConvertedValueLocal                   0x2000801a   Data           2  adc_init.o(.data)
    __stdout                                 0x2000801c   Data           4  stdout.o(.data)
    __initial_sp                             0x20008420   Data           0  startup_stm32f10x_hd.o(STACK)



==============================================================================

Memory Map of the image

  Image Entry point : 0x20000131

  Load Region LR_IROM1 (Base: 0x20000000, Size: 0x0000234c, Max: 0x00008000, ABSOLUTE)

    Execution Region ER_IROM1 (Base: 0x20000000, Size: 0x0000232c, Max: 0x00008000, ABSOLUTE)

    Base Addr    Size         Type   Attr      Idx    E Section Name        Object

    0x20000000   0x00000130   Data   RO            3    RESET               startup_stm32f10x_hd.o
    0x20000130   0x00000000   Code   RO          342  * .ARM.Collect$$$$00000000  mc_w.l(entry.o)
    0x20000130   0x00000004   Code   RO          606    .ARM.Collect$$$$00000001  mc_w.l(entry2.o)
    0x20000134   0x00000004   Code   RO          609    .ARM.Collect$$$$00000004  mc_w.l(entry5.o)
    0x20000138   0x00000008   Code   RO          610    .ARM.Collect$$$$00000007  mc_w.l(entry7.o)
    0x20000140   0x00000004   Code   RO          607    .ARM.Collect$$$$00002712  mc_w.l(entry2.o)
    0x20000144   0x0000001c   Code   RO            4    .text               startup_stm32f10x_hd.o
    0x20000160   0x000005c8   Code   RO           11    .text               stm32f10x_flash.o
    0x20000728   0x00000358   Code   RO           62    .text               stm32f10x_gpio.o
    0x20000a80   0x000003a4   Code   RO           78    .text               stm32f10x_rcc.o
    0x20000e24   0x0000006a   Code   RO           96    .text               rcc_configuration.o
    0x20000e8e   0x00000002   PAD
    0x20000e90   0x000000f8   Code   RO          125    .text               nvic_misc.o
    0x20000f88   0x000000c0   Code   RO          141    .text               delay.o
    0x20001048   0x0000040c   Code   RO          165    .text               stm32f10x_usart.o
    0x20001454   0x000000f0   Code   RO          184    .text               com_usart1.o
    0x20001544   0x000000a4   Code   RO          207    .text               usart.o
    0x200015e8   0x00000440   Code   RO          227    .text               stm32f10x_adc.o
    0x20001a28   0x00000118   Code   RO          246    .text               adc_init.o
    0x20001b40   0x00000248   Code   RO          271    .text               stm32f10x_dma.o
    0x20001d88   0x0000002c   Code   RO          287    .text               led.o
    0x20001db4   0x00000128   Code   RO          306    .text               main.o
    0x20001edc   0x0000001a   Code   RO          324    .text               stm32f10x_it.o
    0x20001ef6   0x00000066   Code   RO          614    .text               mc_w.l(uldiv.o)
    0x20001f5c   0x00000024   Code   RO          627    .text               mc_w.l(init.o)
    0x20001f80   0x0000001e   Code   RO          629    .text               mc_w.l(llshl.o)
    0x20001f9e   0x00000020   Code   RO          631    .text               mc_w.l(llushr.o)
    0x20001fbe   0x00000002   PAD
    0x20001fc0   0x00000020   Code   RO          478    i.__0printf$5       mc_w.l(printf5.o)
    0x20001fe0   0x0000000e   Code   RO          639    i.__scatterload_copy  mc_w.l(handlers.o)
    0x20001fee   0x00000002   Code   RO          640    i.__scatterload_null  mc_w.l(handlers.o)
    0x20001ff0   0x0000000e   Code   RO          641    i.__scatterload_zeroinit  mc_w.l(handlers.o)
    0x20001ffe   0x00000002   PAD
    0x20002000   0x000002c4   Code   RO          485    i._printf_core      mc_w.l(printf5.o)
    0x200022c4   0x00000048   Data   RO          307    .constdata          main.o
    0x2000230c   0x00000020   Data   RO          637    Region$$Table       anon$$obj.o


    Execution Region RW_IRAM1 (Base: 0x20008000, Size: 0x00000420, Max: 0x00008000, ABSOLUTE)

    Base Addr    Size         Type   Attr      Idx    E Section Name        Object

    0x20008000   0x00000014   Data   RW           79    .data               stm32f10x_rcc.o
    0x20008014   0x00000004   Data   RW          142    .data               delay.o
    0x20008018   0x00000004   Data   RW          247    .data               adc_init.o
    0x2000801c   0x00000004   Data   RW          611    .data               mc_w.l(stdout.o)
    0x20008020   0x00000400   Zero   RW            1    STACK               startup_stm32f10x_hd.o


==============================================================================

Image component sizes


      Code (inc. data)   RO Data    RW Data    ZI Data      Debug   Object Name

       280         20          0          4          0      11355   adc_init.o
       240         14          0          0          0       2471   com_usart1.o
       192         14          0          4          0        991   delay.o
        44          4          0          0          0        417   led.o
       296        100         72          0          0        551   main.o
       248         30          0          0          0       1669   nvic_misc.o
       106          0          0          0          0        536   rcc_configuration.o
        28          4        304          0       1024        732   startup_stm32f10x_hd.o
      1088         36          0          0          0      19809   stm32f10x_adc.o
       584         20          0          0          0       4210   stm32f10x_dma.o
      1480         52          0          0          0     238622   stm32f10x_flash.o
       856         40          0          0          0       5577   stm32f10x_gpio.o
        26          0          0          0          0       1154   stm32f10x_it.o
       932         52          0         20          0       8676   stm32f10x_rcc.o
      1036         20          0          0          0      14288   stm32f10x_usart.o
       164          8          0          0          0        653   usart.o

    ----------------------------------------------------------------------
      7602        414        408         28       1024     311711   Object Totals
         0          0         32          0          0          0   (incl. Generated)
         2          0          0          0          0          1   (incl. Padding)

    ----------------------------------------------------------------------

      Code (inc. data)   RO Data    RW Data    ZI Data      Debug   Library Member Name

         0          0          0          0          0          0   entry.o
         8          4          0          0          0          0   entry2.o
         4          0          0          0          0          0   entry5.o
         8          4          0          0          0          0   entry7.o
        30          0          0          0          0          0   handlers.o
        36          8          0          0          0         68   init.o
        30          0          0          0          0         68   llshl.o
        32          0          0          0          0         68   llushr.o
       740         54          0          0          0        184   printf5.o
         0          0          0          4          0          0   stdout.o
       102          0          0          0          0         92   uldiv.o

    ----------------------------------------------------------------------
       994         70          0          4          0        480   Library Totals
         4          0          0          0          0          0   (incl. Padding)

    ----------------------------------------------------------------------

      Code (inc. data)   RO Data    RW Data    ZI Data      Debug   Library Name

       990         70          0          4          0        480   mc_w.l

    ----------------------------------------------------------------------
       994         70          0          4          0        480   Library Totals

    ----------------------------------------------------------------------

==============================================================================


      Code (inc. data)   RO Data    RW Data    ZI Data      Debug   

      8596        484        408         32       1024     310476   Grand Totals
      8596        484        408         32       1024     310476   ELF Image Totals
      8596        484        408         32          0          0   ROM Totals

==============================================================================

    Total RO  Size (Code + RO Data)                 9004 (   8.79kB)
    Total RW  Size (RW Data + ZI Data)              1056 (   1.03kB)
    Total ROM Size (Code + RO Data + RW Data)       9036 (   8.82kB)

==============================================================================

