ARM Linker, 4.1 [Build 567] [Evaluation]

==============================================================================

Section Cross References

    startup_stm32f10x_hd.o(RESET) refers to startup_stm32f10x_hd.o(STACK) for __initial_sp
    startup_stm32f10x_hd.o(RESET) refers to startup_stm32f10x_hd.o(.text) for Reset_Handler
    startup_stm32f10x_hd.o(RESET) refers to stm32f10x_it.o(.text) for NMI_Handler
    startup_stm32f10x_hd.o(.text) refers to entry.o(.ARM.Collect$$$$00000000) for __main
    stm32f10x_gpio.o(.text) refers to stm32f10x_rcc.o(.text) for RCC_APB2PeriphResetCmd
    stm32f10x_rcc.o(.text) refers to stm32f10x_rcc.o(.data) for APBAHBPrescTable
    rcc_configuration.o(.text) refers to stm32f10x_rcc.o(.text) for RCC_DeInit
    rcc_configuration.o(.text) refers to stm32f10x_flash.o(.text) for FLASH_PrefetchBufferCmd
    led.o(.text) refers to stm32f10x_rcc.o(.text) for RCC_APB2PeriphClockCmd
    led.o(.text) refers to stm32f10x_gpio.o(.text) for GPIO_Init
    main.o(.text) refers to rcc_configuration.o(.text) for RCC_Configuration
    main.o(.text) refers to led.o(.text) for LED_config
    main.o(.text) refers to stm32f10x_gpio.o(.text) for GPIO_ResetBits
    entry.o(.ARM.Collect$$$$00000000) refers (Special) to entry7.o(.ARM.Collect$$$$00000007) for _main_init
    entry.o(.ARM.Collect$$$$00000000) refers (Special) to entry5.o(.ARM.Collect$$$$00000004) for _main_scatterload
    entry.o(.ARM.Collect$$$$00000000) refers (Special) to entry2.o(.ARM.Collect$$$$00000001) for _main_stk
    entry2.o(.ARM.Collect$$$$00000001) refers to entry2.o(.ARM.Collect$$$$00002712) for __lit__00000000
    entry2.o(.ARM.Collect$$$$00002712) refers to startup_stm32f10x_hd.o(STACK) for __initial_sp
    entry2.o(__vectab_stack_and_reset_area) refers to startup_stm32f10x_hd.o(STACK) for __initial_sp
    entry2.o(__vectab_stack_and_reset_area) refers to entry.o(.ARM.Collect$$$$00000000) for __main
    entry5.o(.ARM.Collect$$$$00000004) refers to init.o(.text) for __scatterload
    entry7.o(.ARM.Collect$$$$00000007) refers to main.o(.text) for main
    init.o(.text) refers to entry5.o(.ARM.Collect$$$$00000004) for __main_after_scatterload


==============================================================================

Removing Unused input sections from the image.

    Removing startup_stm32f10x_hd.o(HEAP), (512 bytes).
    Removing stm32f10x_flash.o(.emb_text), (8 bytes).
    Removing stm32f10x_gpio.o(.emb_text), (8 bytes).
    Removing stm32f10x_rcc.o(.emb_text), (8 bytes).
    Removing rcc_configuration.o(.emb_text), (8 bytes).
    Removing led.o(.emb_text), (8 bytes).
    Removing main.o(.emb_text), (8 bytes).
    Removing stm32f10x_it.o(.emb_text), (8 bytes).

8 unused section(s) (total 568 bytes) removed from the image.

==============================================================================

Image Symbol Table

    Local Symbols

    Symbol Name                              Value     Ov Type        Size  Object(Section)

    ../../microlib/init/entry.s              0x00000000   Number         0  entry2.o ABSOLUTE
    ../../microlib/init/entry.s              0x00000000   Number         0  entry.o ABSOLUTE
    ../../microlib/init/entry.s              0x00000000   Number         0  entry7.o ABSOLUTE
    ../../microlib/init/entry.s              0x00000000   Number         0  entry5.o ABSOLUTE
    ..\Stm32lib\src\RCC_Configuration.c      0x00000000   Number         0  rcc_configuration.o ABSOLUTE
    ..\Stm32lib\src\stm32f10x_flash.c        0x00000000   Number         0  stm32f10x_flash.o ABSOLUTE
    ..\Stm32lib\src\stm32f10x_gpio.c         0x00000000   Number         0  stm32f10x_gpio.o ABSOLUTE
    ..\Stm32lib\src\stm32f10x_rcc.c          0x00000000   Number         0  stm32f10x_rcc.o ABSOLUTE
    ..\\Stm32lib\\src\\RCC_Configuration.c   0x00000000   Number         0  rcc_configuration.o ABSOLUTE
    ..\\Stm32lib\\src\\stm32f10x_flash.c     0x00000000   Number         0  stm32f10x_flash.o ABSOLUTE
    ..\\Stm32lib\\src\\stm32f10x_gpio.c      0x00000000   Number         0  stm32f10x_gpio.o ABSOLUTE
    ..\\Stm32lib\\src\\stm32f10x_rcc.c       0x00000000   Number         0  stm32f10x_rcc.o ABSOLUTE
    ..\\user\\src\\led.c                     0x00000000   Number         0  led.o ABSOLUTE
    ..\\user\\src\\main.c                    0x00000000   Number         0  main.o ABSOLUTE
    ..\\user\\src\\stm32f10x_it.c            0x00000000   Number         0  stm32f10x_it.o ABSOLUTE
    ..\user\src\led.c                        0x00000000   Number         0  led.o ABSOLUTE
    ..\user\src\main.c                       0x00000000   Number         0  main.o ABSOLUTE
    ..\user\src\stm32f10x_it.c               0x00000000   Number         0  stm32f10x_it.o ABSOLUTE
    dc.s                                     0x00000000   Number         0  dc.o ABSOLUTE
    handlers.s                               0x00000000   Number         0  handlers.o ABSOLUTE
    init.s                                   0x00000000   Number         0  init.o ABSOLUTE
    startup_stm32f10x_hd.s                   0x00000000   Number         0  startup_stm32f10x_hd.o ABSOLUTE
    RESET                                    0x20000000   Section      304  startup_stm32f10x_hd.o(RESET)
    .ARM.Collect$$$$00000000                 0x20000130   Section        0  entry.o(.ARM.Collect$$$$00000000)
    .ARM.Collect$$$$00000001                 0x20000130   Section        4  entry2.o(.ARM.Collect$$$$00000001)
    .ARM.Collect$$$$00000004                 0x20000134   Section        4  entry5.o(.ARM.Collect$$$$00000004)
    .ARM.Collect$$$$00000007                 0x20000138   Section        8  entry7.o(.ARM.Collect$$$$00000007)
    .ARM.Collect$$$$00002712                 0x20000140   Section        4  entry2.o(.ARM.Collect$$$$00002712)
    __lit__00000000                          0x20000140   Data           4  entry2.o(.ARM.Collect$$$$00002712)
    .text                                    0x20000144   Section       28  startup_stm32f10x_hd.o(.text)
    .text                                    0x20000160   Section        0  stm32f10x_flash.o(.text)
    .text                                    0x20000728   Section        0  stm32f10x_gpio.o(.text)
    .text                                    0x20000a80   Section        0  stm32f10x_rcc.o(.text)
    .text                                    0x20000e24   Section        0  rcc_configuration.o(.text)
    .text                                    0x20000e90   Section        0  led.o(.text)
    .text                                    0x20000ebc   Section        0  main.o(.text)
    .text                                    0x20000f54   Section        0  stm32f10x_it.o(.text)
    .text                                    0x20000f70   Section       36  init.o(.text)
    i.__scatterload_copy                     0x20000f94   Section       14  handlers.o(i.__scatterload_copy)
    i.__scatterload_null                     0x20000fa2   Section        2  handlers.o(i.__scatterload_null)
    i.__scatterload_zeroinit                 0x20000fa4   Section       14  handlers.o(i.__scatterload_zeroinit)
    .data                                    0x20008000   Section       20  stm32f10x_rcc.o(.data)
    APBAHBPrescTable                         0x20008000   Data          16  stm32f10x_rcc.o(.data)
    ADCPrescTable                            0x20008010   Data           4  stm32f10x_rcc.o(.data)
    STACK                                    0x20008018   Section     1024  startup_stm32f10x_hd.o(STACK)

    Global Symbols

    Symbol Name                              Value     Ov Type        Size  Object(Section)

    BuildAttributes$$THM_ISAv4$P$D$K$B$S$PE$A:L22UL41UL21$X:L11$S22US41US21$IEEE1$IW$USESV6$~STKCKD$USESV7$~SHL$OSPACE$EBA8$MICROLIB$REQ8$PRES8$EABIv2 0x00000000   Number         0  anon$$obj.o ABSOLUTE
    __ARM_use_no_argv                        0x00000000   Number         0  main.o ABSOLUTE
    __decompress                              - Undefined Weak Reference
    __Vectors_Size                           0x00000130   Number         0  startup_stm32f10x_hd.o ABSOLUTE
    __Vectors                                0x20000000   Data           4  startup_stm32f10x_hd.o(RESET)
    __Vectors_End                            0x20000130   Data           0  startup_stm32f10x_hd.o(RESET)
    __main                                   0x20000131   Thumb Code     0  entry.o(.ARM.Collect$$$$00000000)
    _main_stk                                0x20000131   Thumb Code     0  entry2.o(.ARM.Collect$$$$00000001)
    _main_scatterload                        0x20000135   Thumb Code     0  entry5.o(.ARM.Collect$$$$00000004)
    __main_after_scatterload                 0x20000139   Thumb Code     0  entry5.o(.ARM.Collect$$$$00000004)
    _main_init                               0x20000139   Thumb Code     0  entry7.o(.ARM.Collect$$$$00000007)
    Reset_Handler                            0x20000145   Thumb Code     4  startup_stm32f10x_hd.o(.text)
    ADC1_2_IRQHandler                        0x2000015b   Thumb Code     0  startup_stm32f10x_hd.o(.text)
    ADC3_IRQHandler                          0x2000015b   Thumb Code     0  startup_stm32f10x_hd.o(.text)
    CAN1_RX1_IRQHandler                      0x2000015b   Thumb Code     0  startup_stm32f10x_hd.o(.text)
    CAN1_SCE_IRQHandler                      0x2000015b   Thumb Code     0  startup_stm32f10x_hd.o(.text)
    DMA1_Channel1_IRQHandler                 0x2000015b   Thumb Code     0  startup_stm32f10x_hd.o(.text)
    DMA1_Channel2_IRQHandler                 0x2000015b   Thumb Code     0  startup_stm32f10x_hd.o(.text)
    DMA1_Channel3_IRQHandler                 0x2000015b   Thumb Code     0  startup_stm32f10x_hd.o(.text)
    DMA1_Channel4_IRQHandler                 0x2000015b   Thumb Code     0  startup_stm32f10x_hd.o(.text)
    DMA1_Channel5_IRQHandler                 0x2000015b   Thumb Code     0  startup_stm32f10x_hd.o(.text)
    DMA1_Channel6_IRQHandler                 0x2000015b   Thumb Code     0  startup_stm32f10x_hd.o(.text)
    DMA1_Channel7_IRQHandler                 0x2000015b   Thumb Code     0  startup_stm32f10x_hd.o(.text)
    DMA2_Channel1_IRQHandler                 0x2000015b   Thumb Code     0  startup_stm32f10x_hd.o(.text)
    DMA2_Channel2_IRQHandler                 0x2000015b   Thumb Code     0  startup_stm32f10x_hd.o(.text)
    DMA2_Channel3_IRQHandler                 0x2000015b   Thumb Code     0  startup_stm32f10x_hd.o(.text)
    DMA2_Channel4_5_IRQHandler               0x2000015b   Thumb Code     0  startup_stm32f10x_hd.o(.text)
    EXTI0_IRQHandler                         0x2000015b   Thumb Code     0  startup_stm32f10x_hd.o(.text)
    EXTI15_10_IRQHandler                     0x2000015b   Thumb Code     0  startup_stm32f10x_hd.o(.text)
    EXTI1_IRQHandler                         0x2000015b   Thumb Code     0  startup_stm32f10x_hd.o(.text)
    EXTI2_IRQHandler                         0x2000015b   Thumb Code     0  startup_stm32f10x_hd.o(.text)
    EXTI3_IRQHandler                         0x2000015b   Thumb Code     0  startup_stm32f10x_hd.o(.text)
    EXTI4_IRQHandler                         0x2000015b   Thumb Code     0  startup_stm32f10x_hd.o(.text)
    EXTI9_5_IRQHandler                       0x2000015b   Thumb Code     0  startup_stm32f10x_hd.o(.text)
    FLASH_IRQHandler                         0x2000015b   Thumb Code     0  startup_stm32f10x_hd.o(.text)
    FSMC_IRQHandler                          0x2000015b   Thumb Code     0  startup_stm32f10x_hd.o(.text)
    I2C1_ER_IRQHandler                       0x2000015b   Thumb Code     0  startup_stm32f10x_hd.o(.text)
    I2C1_EV_IRQHandler                       0x2000015b   Thumb Code     0  startup_stm32f10x_hd.o(.text)
    I2C2_ER_IRQHandler                       0x2000015b   Thumb Code     0  startup_stm32f10x_hd.o(.text)
    I2C2_EV_IRQHandler                       0x2000015b   Thumb Code     0  startup_stm32f10x_hd.o(.text)
    PVD_IRQHandler                           0x2000015b   Thumb Code     0  startup_stm32f10x_hd.o(.text)
    RCC_IRQHandler                           0x2000015b   Thumb Code     0  startup_stm32f10x_hd.o(.text)
    RTCAlarm_IRQHandler                      0x2000015b   Thumb Code     0  startup_stm32f10x_hd.o(.text)
    RTC_IRQHandler                           0x2000015b   Thumb Code     0  startup_stm32f10x_hd.o(.text)
    SDIO_IRQHandler                          0x2000015b   Thumb Code     0  startup_stm32f10x_hd.o(.text)
    SPI1_IRQHandler                          0x2000015b   Thumb Code     0  startup_stm32f10x_hd.o(.text)
    SPI2_IRQHandler                          0x2000015b   Thumb Code     0  startup_stm32f10x_hd.o(.text)
    SPI3_IRQHandler                          0x2000015b   Thumb Code     0  startup_stm32f10x_hd.o(.text)
    TAMPER_IRQHandler                        0x2000015b   Thumb Code     0  startup_stm32f10x_hd.o(.text)
    TIM1_BRK_IRQHandler                      0x2000015b   Thumb Code     0  startup_stm32f10x_hd.o(.text)
    TIM1_CC_IRQHandler                       0x2000015b   Thumb Code     0  startup_stm32f10x_hd.o(.text)
    TIM1_TRG_COM_IRQHandler                  0x2000015b   Thumb Code     0  startup_stm32f10x_hd.o(.text)
    TIM1_UP_IRQHandler                       0x2000015b   Thumb Code     0  startup_stm32f10x_hd.o(.text)
    TIM2_IRQHandler                          0x2000015b   Thumb Code     0  startup_stm32f10x_hd.o(.text)
    TIM3_IRQHandler                          0x2000015b   Thumb Code     0  startup_stm32f10x_hd.o(.text)
    TIM4_IRQHandler                          0x2000015b   Thumb Code     0  startup_stm32f10x_hd.o(.text)
    TIM5_IRQHandler                          0x2000015b   Thumb Code     0  startup_stm32f10x_hd.o(.text)
    TIM6_IRQHandler                          0x2000015b   Thumb Code     0  startup_stm32f10x_hd.o(.text)
    TIM7_IRQHandler                          0x2000015b   Thumb Code     0  startup_stm32f10x_hd.o(.text)
    TIM8_BRK_IRQHandler                      0x2000015b   Thumb Code     0  startup_stm32f10x_hd.o(.text)
    TIM8_CC_IRQHandler                       0x2000015b   Thumb Code     0  startup_stm32f10x_hd.o(.text)
    TIM8_TRG_COM_IRQHandler                  0x2000015b   Thumb Code     0  startup_stm32f10x_hd.o(.text)
    TIM8_UP_IRQHandler                       0x2000015b   Thumb Code     0  startup_stm32f10x_hd.o(.text)
    UART4_IRQHandler                         0x2000015b   Thumb Code     0  startup_stm32f10x_hd.o(.text)
    UART5_IRQHandler                         0x2000015b   Thumb Code     0  startup_stm32f10x_hd.o(.text)
    USART1_IRQHandler                        0x2000015b   Thumb Code     0  startup_stm32f10x_hd.o(.text)
    USART2_IRQHandler                        0x2000015b   Thumb Code     0  startup_stm32f10x_hd.o(.text)
    USART3_IRQHandler                        0x2000015b   Thumb Code     0  startup_stm32f10x_hd.o(.text)
    USBWakeUp_IRQHandler                     0x2000015b   Thumb Code     0  startup_stm32f10x_hd.o(.text)
    USB_HP_CAN1_TX_IRQHandler                0x2000015b   Thumb Code     0  startup_stm32f10x_hd.o(.text)
    USB_LP_CAN1_RX0_IRQHandler               0x2000015b   Thumb Code     0  startup_stm32f10x_hd.o(.text)
    WWDG_IRQHandler                          0x2000015b   Thumb Code     0  startup_stm32f10x_hd.o(.text)
    FLASH_SetLatency                         0x20000161   Thumb Code    18  stm32f10x_flash.o(.text)
    FLASH_HalfCycleAccessCmd                 0x20000173   Thumb Code    22  stm32f10x_flash.o(.text)
    FLASH_PrefetchBufferCmd                  0x20000189   Thumb Code    22  stm32f10x_flash.o(.text)
    FLASH_Unlock                             0x2000019f   Thumb Code    12  stm32f10x_flash.o(.text)
    FLASH_UnlockBank1                        0x200001ab   Thumb Code    12  stm32f10x_flash.o(.text)
    FLASH_Lock                               0x200001b7   Thumb Code    14  stm32f10x_flash.o(.text)
    FLASH_LockBank1                          0x200001c5   Thumb Code    14  stm32f10x_flash.o(.text)
    FLASH_GetBank1Status                     0x200001d3   Thumb Code    50  stm32f10x_flash.o(.text)
    FLASH_WaitForLastOperation               0x20000205   Thumb Code    38  stm32f10x_flash.o(.text)
    FLASH_ErasePage                          0x2000022b   Thumb Code    72  stm32f10x_flash.o(.text)
    FLASH_EraseAllPages                      0x20000273   Thumb Code    68  stm32f10x_flash.o(.text)
    FLASH_WaitForLastBank1Operation          0x200002b7   Thumb Code    38  stm32f10x_flash.o(.text)
    FLASH_EraseAllBank1Pages                 0x200002dd   Thumb Code    68  stm32f10x_flash.o(.text)
    FLASH_GetReadOutProtectionStatus         0x20000321   Thumb Code    20  stm32f10x_flash.o(.text)
    FLASH_EraseOptionBytes                   0x20000335   Thumb Code   152  stm32f10x_flash.o(.text)
    FLASH_ProgramWord                        0x200003cd   Thumb Code    96  stm32f10x_flash.o(.text)
    FLASH_ProgramHalfWord                    0x2000042d   Thumb Code    60  stm32f10x_flash.o(.text)
    FLASH_ProgramOptionByteData              0x20000469   Thumb Code    72  stm32f10x_flash.o(.text)
    FLASH_EnableWriteProtection              0x200004b1   Thumb Code   208  stm32f10x_flash.o(.text)
    FLASH_ReadOutProtection                  0x20000581   Thumb Code   156  stm32f10x_flash.o(.text)
    FLASH_UserOptionByteConfig               0x2000061d   Thumb Code    88  stm32f10x_flash.o(.text)
    FLASH_GetUserOptionByte                  0x20000675   Thumb Code     8  stm32f10x_flash.o(.text)
    FLASH_GetWriteProtectionOptionByte       0x2000067d   Thumb Code     6  stm32f10x_flash.o(.text)
    FLASH_GetPrefetchBufferStatus            0x20000683   Thumb Code    20  stm32f10x_flash.o(.text)
    FLASH_ITConfig                           0x20000697   Thumb Code    26  stm32f10x_flash.o(.text)
    FLASH_GetFlagStatus                      0x200006b1   Thumb Code    42  stm32f10x_flash.o(.text)
    FLASH_ClearFlag                          0x200006db   Thumb Code     6  stm32f10x_flash.o(.text)
    FLASH_GetStatus                          0x200006e1   Thumb Code    50  stm32f10x_flash.o(.text)
    GPIO_DeInit                              0x20000729   Thumb Code   172  stm32f10x_gpio.o(.text)
    GPIO_AFIODeInit                          0x200007d5   Thumb Code    20  stm32f10x_gpio.o(.text)
    GPIO_Init                                0x200007e9   Thumb Code   274  stm32f10x_gpio.o(.text)
    GPIO_StructInit                          0x200008fb   Thumb Code    16  stm32f10x_gpio.o(.text)
    GPIO_ReadInputDataBit                    0x2000090b   Thumb Code    18  stm32f10x_gpio.o(.text)
    GPIO_ReadInputData                       0x2000091d   Thumb Code     8  stm32f10x_gpio.o(.text)
    GPIO_ReadOutputDataBit                   0x20000925   Thumb Code    18  stm32f10x_gpio.o(.text)
    GPIO_ReadOutputData                      0x20000937   Thumb Code     8  stm32f10x_gpio.o(.text)
    GPIO_SetBits                             0x2000093f   Thumb Code     4  stm32f10x_gpio.o(.text)
    GPIO_ResetBits                           0x20000943   Thumb Code     4  stm32f10x_gpio.o(.text)
    GPIO_WriteBit                            0x20000947   Thumb Code    10  stm32f10x_gpio.o(.text)
    GPIO_Write                               0x20000951   Thumb Code     4  stm32f10x_gpio.o(.text)
    GPIO_PinLockConfig                       0x20000955   Thumb Code    18  stm32f10x_gpio.o(.text)
    GPIO_EventOutputConfig                   0x20000967   Thumb Code    26  stm32f10x_gpio.o(.text)
    GPIO_EventOutputCmd                      0x20000981   Thumb Code     6  stm32f10x_gpio.o(.text)
    GPIO_PinRemapConfig                      0x20000987   Thumb Code   138  stm32f10x_gpio.o(.text)
    GPIO_EXTILineConfig                      0x20000a11   Thumb Code    66  stm32f10x_gpio.o(.text)
    GPIO_ETH_MediaInterfaceConfig            0x20000a53   Thumb Code     6  stm32f10x_gpio.o(.text)
    RCC_DeInit                               0x20000a81   Thumb Code    64  stm32f10x_rcc.o(.text)
    RCC_HSEConfig                            0x20000ac1   Thumb Code    70  stm32f10x_rcc.o(.text)
    RCC_GetFlagStatus                        0x20000b07   Thumb Code    56  stm32f10x_rcc.o(.text)
    RCC_WaitForHSEStartUp                    0x20000b3f   Thumb Code    48  stm32f10x_rcc.o(.text)
    RCC_AdjustHSICalibrationValue            0x20000b6f   Thumb Code    20  stm32f10x_rcc.o(.text)
    RCC_HSICmd                               0x20000b83   Thumb Code     6  stm32f10x_rcc.o(.text)
    RCC_PLLConfig                            0x20000b89   Thumb Code    24  stm32f10x_rcc.o(.text)
    RCC_PLLCmd                               0x20000ba1   Thumb Code     6  stm32f10x_rcc.o(.text)
    RCC_SYSCLKConfig                         0x20000ba7   Thumb Code    18  stm32f10x_rcc.o(.text)
    RCC_GetSYSCLKSource                      0x20000bb9   Thumb Code    10  stm32f10x_rcc.o(.text)
    RCC_HCLKConfig                           0x20000bc3   Thumb Code    18  stm32f10x_rcc.o(.text)
    RCC_PCLK1Config                          0x20000bd5   Thumb Code    18  stm32f10x_rcc.o(.text)
    RCC_PCLK2Config                          0x20000be7   Thumb Code    20  stm32f10x_rcc.o(.text)
    RCC_ITConfig                             0x20000bfb   Thumb Code    30  stm32f10x_rcc.o(.text)
    RCC_USBCLKConfig                         0x20000c19   Thumb Code     6  stm32f10x_rcc.o(.text)
    RCC_ADCCLKConfig                         0x20000c1f   Thumb Code    18  stm32f10x_rcc.o(.text)
    RCC_LSEConfig                            0x20000c31   Thumb Code    44  stm32f10x_rcc.o(.text)
    RCC_LSICmd                               0x20000c5d   Thumb Code     6  stm32f10x_rcc.o(.text)
    RCC_RTCCLKConfig                         0x20000c63   Thumb Code    12  stm32f10x_rcc.o(.text)
    RCC_RTCCLKCmd                            0x20000c6f   Thumb Code     6  stm32f10x_rcc.o(.text)
    RCC_GetClocksFreq                        0x20000c75   Thumb Code   192  stm32f10x_rcc.o(.text)
    RCC_AHBPeriphClockCmd                    0x20000d35   Thumb Code    26  stm32f10x_rcc.o(.text)
    RCC_APB2PeriphClockCmd                   0x20000d4f   Thumb Code    26  stm32f10x_rcc.o(.text)
    RCC_APB1PeriphClockCmd                   0x20000d69   Thumb Code    26  stm32f10x_rcc.o(.text)
    RCC_APB2PeriphResetCmd                   0x20000d83   Thumb Code    26  stm32f10x_rcc.o(.text)
    RCC_APB1PeriphResetCmd                   0x20000d9d   Thumb Code    26  stm32f10x_rcc.o(.text)
    RCC_BackupResetCmd                       0x20000db7   Thumb Code     6  stm32f10x_rcc.o(.text)
    RCC_ClockSecuritySystemCmd               0x20000dbd   Thumb Code     6  stm32f10x_rcc.o(.text)
    RCC_MCOConfig                            0x20000dc3   Thumb Code     6  stm32f10x_rcc.o(.text)
    RCC_ClearFlag                            0x20000dc9   Thumb Code    14  stm32f10x_rcc.o(.text)
    RCC_GetITStatus                          0x20000dd7   Thumb Code    20  stm32f10x_rcc.o(.text)
    RCC_ClearITPendingBit                    0x20000deb   Thumb Code     6  stm32f10x_rcc.o(.text)
    RCC_Configuration                        0x20000e25   Thumb Code   106  rcc_configuration.o(.text)
    LED_config                               0x20000e91   Thumb Code    40  led.o(.text)
    delay                                    0x20000ebd   Thumb Code    10  main.o(.text)
    main                                     0x20000ec7   Thumb Code   132  main.o(.text)
    NMI_Handler                              0x20000f55   Thumb Code     2  stm32f10x_it.o(.text)
    HardFault_Handler                        0x20000f57   Thumb Code     4  stm32f10x_it.o(.text)
    MemManage_Handler                        0x20000f5b   Thumb Code     4  stm32f10x_it.o(.text)
    BusFault_Handler                         0x20000f5f   Thumb Code     4  stm32f10x_it.o(.text)
    UsageFault_Handler                       0x20000f63   Thumb Code     4  stm32f10x_it.o(.text)
    SVC_Handler                              0x20000f67   Thumb Code     2  stm32f10x_it.o(.text)
    DebugMon_Handler                         0x20000f69   Thumb Code     2  stm32f10x_it.o(.text)
    PendSV_Handler                           0x20000f6b   Thumb Code     2  stm32f10x_it.o(.text)
    SysTick_Handler                          0x20000f6d   Thumb Code     2  stm32f10x_it.o(.text)
    __scatterload                            0x20000f71   Thumb Code    28  init.o(.text)
    __scatterload_rt2                        0x20000f71   Thumb Code     0  init.o(.text)
    __scatterload_copy                       0x20000f95   Thumb Code    14  handlers.o(i.__scatterload_copy)
    __scatterload_null                       0x20000fa3   Thumb Code     2  handlers.o(i.__scatterload_null)
    __scatterload_zeroinit                   0x20000fa5   Thumb Code    14  handlers.o(i.__scatterload_zeroinit)
    Region$$Table$$Base                      0x20000fb4   Number         0  anon$$obj.o(Region$$Table)
    Region$$Table$$Limit                     0x20000fd4   Number         0  anon$$obj.o(Region$$Table)
    __initial_sp                             0x20008418   Data           0  startup_stm32f10x_hd.o(STACK)



==============================================================================

Memory Map of the image

  Image Entry point : 0x20000131

  Load Region LR_IROM1 (Base: 0x20000000, Size: 0x00000fe8, Max: 0x00008000, ABSOLUTE)

    Execution Region ER_IROM1 (Base: 0x20000000, Size: 0x00000fd4, Max: 0x00008000, ABSOLUTE)

    Base Addr    Size         Type   Attr      Idx    E Section Name        Object

    0x20000000   0x00000130   Data   RO            3    RESET               startup_stm32f10x_hd.o
    0x20000130   0x00000000   Code   RO          168  * .ARM.Collect$$$$00000000  mc_w.l(entry.o)
    0x20000130   0x00000004   Code   RO          171    .ARM.Collect$$$$00000001  mc_w.l(entry2.o)
    0x20000134   0x00000004   Code   RO          174    .ARM.Collect$$$$00000004  mc_w.l(entry5.o)
    0x20000138   0x00000008   Code   RO          175    .ARM.Collect$$$$00000007  mc_w.l(entry7.o)
    0x20000140   0x00000004   Code   RO          172    .ARM.Collect$$$$00002712  mc_w.l(entry2.o)
    0x20000144   0x0000001c   Code   RO            4    .text               startup_stm32f10x_hd.o
    0x20000160   0x000005c8   Code   RO           11    .text               stm32f10x_flash.o
    0x20000728   0x00000358   Code   RO           62    .text               stm32f10x_gpio.o
    0x20000a80   0x000003a4   Code   RO           78    .text               stm32f10x_rcc.o
    0x20000e24   0x0000006a   Code   RO           96    .text               rcc_configuration.o
    0x20000e8e   0x00000002   PAD
    0x20000e90   0x0000002c   Code   RO          115    .text               led.o
    0x20000ebc   0x00000098   Code   RO          134    .text               main.o
    0x20000f54   0x0000001a   Code   RO          150    .text               stm32f10x_it.o
    0x20000f6e   0x00000002   PAD
    0x20000f70   0x00000024   Code   RO          176    .text               mc_w.l(init.o)
    0x20000f94   0x0000000e   Code   RO          180    i.__scatterload_copy  mc_w.l(handlers.o)
    0x20000fa2   0x00000002   Code   RO          181    i.__scatterload_null  mc_w.l(handlers.o)
    0x20000fa4   0x0000000e   Code   RO          182    i.__scatterload_zeroinit  mc_w.l(handlers.o)
    0x20000fb2   0x00000002   PAD
    0x20000fb4   0x00000020   Data   RO          178    Region$$Table       anon$$obj.o


    Execution Region RW_IRAM1 (Base: 0x20008000, Size: 0x00000418, Max: 0x00008000, ABSOLUTE)

    Base Addr    Size         Type   Attr      Idx    E Section Name        Object

    0x20008000   0x00000014   Data   RW           79    .data               stm32f10x_rcc.o
    0x20008014   0x00000004   PAD
    0x20008018   0x00000400   Zero   RW            1    STACK               startup_stm32f10x_hd.o


==============================================================================

Image component sizes


      Code (inc. data)   RO Data    RW Data    ZI Data      Debug   Object Name

        44          4          0          0          0        409   led.o
       152         10          0          0          0        609   main.o
       106          0          0          0          0        528   rcc_configuration.o
        28          4        304          0       1024        732   startup_stm32f10x_hd.o
      1480         52          0          0          0     236990   stm32f10x_flash.o
       856         40          0          0          0       5565   stm32f10x_gpio.o
        26          0          0          0          0       1146   stm32f10x_it.o
       932         52          0         20          0       8660   stm32f10x_rcc.o

    ----------------------------------------------------------------------
      3628        162        336         20       1028     254639   Object Totals
         0          0         32          0          0          0   (incl. Generated)
         4          0          0          0          4          1   (incl. Padding)

    ----------------------------------------------------------------------

      Code (inc. data)   RO Data    RW Data    ZI Data      Debug   Library Member Name

         0          0          0          0          0          0   entry.o
         8          4          0          0          0          0   entry2.o
         4          0          0          0          0          0   entry5.o
         8          4          0          0          0          0   entry7.o
        30          0          0          0          0          0   handlers.o
        36          8          0          0          0         68   init.o

    ----------------------------------------------------------------------
        88         16          0          0          0         68   Library Totals
         2          0          0          0          0          0   (incl. Padding)

    ----------------------------------------------------------------------

      Code (inc. data)   RO Data    RW Data    ZI Data      Debug   Library Name

        86         16          0          0          0         68   mc_w.l

    ----------------------------------------------------------------------
        88         16          0          0          0         68   Library Totals

    ----------------------------------------------------------------------

==============================================================================


      Code (inc. data)   RO Data    RW Data    ZI Data      Debug   

      3716        178        336         20       1028     254084   Grand Totals
      3716        178        336         20       1028     254084   ELF Image Totals
      3716        178        336         20          0          0   ROM Totals

==============================================================================

    Total RO  Size (Code + RO Data)                 4052 (   3.96kB)
    Total RW  Size (RW Data + ZI Data)              1048 (   1.02kB)
    Total ROM Size (Code + RO Data + RW Data)       4072 (   3.98kB)

==============================================================================

